Archive member included because of file (symbol)

C:/Program Files (x86)/GNU Tools ARM Embedded/4.7 2013q2/arm-none-eabi/lib/armv6-m\libm.a(lib_a-s_cos.o)
                              _build/MPUQuaternion.o (cos)
C:/Program Files (x86)/GNU Tools ARM Embedded/4.7 2013q2/arm-none-eabi/lib/armv6-m\libm.a(lib_a-s_sin.o)
                              _build/MPUQuaternion.o (sin)
C:/Program Files (x86)/GNU Tools ARM Embedded/4.7 2013q2/arm-none-eabi/lib/armv6-m\libm.a(lib_a-w_asin.o)
                              _build/MPUQuaternion.o (asin)
C:/Program Files (x86)/GNU Tools ARM Embedded/4.7 2013q2/arm-none-eabi/lib/armv6-m\libm.a(lib_a-w_atan2.o)
                              _build/MPUQuaternion.o (atan2)
C:/Program Files (x86)/GNU Tools ARM Embedded/4.7 2013q2/arm-none-eabi/lib/armv6-m\libm.a(lib_a-w_sqrt.o)
                              _build/MPUQuaternion.o (sqrt)
C:/Program Files (x86)/GNU Tools ARM Embedded/4.7 2013q2/arm-none-eabi/lib/armv6-m\libm.a(lib_a-e_asin.o)
                              C:/Program Files (x86)/GNU Tools ARM Embedded/4.7 2013q2/arm-none-eabi/lib/armv6-m\libm.a(lib_a-w_asin.o) (__ieee754_asin)
C:/Program Files (x86)/GNU Tools ARM Embedded/4.7 2013q2/arm-none-eabi/lib/armv6-m\libm.a(lib_a-e_atan2.o)
                              C:/Program Files (x86)/GNU Tools ARM Embedded/4.7 2013q2/arm-none-eabi/lib/armv6-m\libm.a(lib_a-w_atan2.o) (__ieee754_atan2)
C:/Program Files (x86)/GNU Tools ARM Embedded/4.7 2013q2/arm-none-eabi/lib/armv6-m\libm.a(lib_a-e_rem_pio2.o)
                              C:/Program Files (x86)/GNU Tools ARM Embedded/4.7 2013q2/arm-none-eabi/lib/armv6-m\libm.a(lib_a-s_cos.o) (__ieee754_rem_pio2)
C:/Program Files (x86)/GNU Tools ARM Embedded/4.7 2013q2/arm-none-eabi/lib/armv6-m\libm.a(lib_a-e_sqrt.o)
                              C:/Program Files (x86)/GNU Tools ARM Embedded/4.7 2013q2/arm-none-eabi/lib/armv6-m\libm.a(lib_a-w_sqrt.o) (__ieee754_sqrt)
C:/Program Files (x86)/GNU Tools ARM Embedded/4.7 2013q2/arm-none-eabi/lib/armv6-m\libm.a(lib_a-k_cos.o)
                              C:/Program Files (x86)/GNU Tools ARM Embedded/4.7 2013q2/arm-none-eabi/lib/armv6-m\libm.a(lib_a-s_cos.o) (__kernel_cos)
C:/Program Files (x86)/GNU Tools ARM Embedded/4.7 2013q2/arm-none-eabi/lib/armv6-m\libm.a(lib_a-k_rem_pio2.o)
                              C:/Program Files (x86)/GNU Tools ARM Embedded/4.7 2013q2/arm-none-eabi/lib/armv6-m\libm.a(lib_a-e_rem_pio2.o) (__kernel_rem_pio2)
C:/Program Files (x86)/GNU Tools ARM Embedded/4.7 2013q2/arm-none-eabi/lib/armv6-m\libm.a(lib_a-k_sin.o)
                              C:/Program Files (x86)/GNU Tools ARM Embedded/4.7 2013q2/arm-none-eabi/lib/armv6-m\libm.a(lib_a-s_cos.o) (__kernel_sin)
C:/Program Files (x86)/GNU Tools ARM Embedded/4.7 2013q2/arm-none-eabi/lib/armv6-m\libm.a(lib_a-s_atan.o)
                              C:/Program Files (x86)/GNU Tools ARM Embedded/4.7 2013q2/arm-none-eabi/lib/armv6-m\libm.a(lib_a-e_atan2.o) (atan)
C:/Program Files (x86)/GNU Tools ARM Embedded/4.7 2013q2/arm-none-eabi/lib/armv6-m\libm.a(lib_a-s_fabs.o)
                              C:/Program Files (x86)/GNU Tools ARM Embedded/4.7 2013q2/arm-none-eabi/lib/armv6-m\libm.a(lib_a-w_asin.o) (fabs)
C:/Program Files (x86)/GNU Tools ARM Embedded/4.7 2013q2/arm-none-eabi/lib/armv6-m\libm.a(lib_a-s_floor.o)
                              C:/Program Files (x86)/GNU Tools ARM Embedded/4.7 2013q2/arm-none-eabi/lib/armv6-m\libm.a(lib_a-k_rem_pio2.o) (floor)
C:/Program Files (x86)/GNU Tools ARM Embedded/4.7 2013q2/arm-none-eabi/lib/armv6-m\libm.a(lib_a-s_fpclassify.o)
                              C:/Program Files (x86)/GNU Tools ARM Embedded/4.7 2013q2/arm-none-eabi/lib/armv6-m\libm.a(lib_a-w_asin.o) (__fpclassifyd)
C:/Program Files (x86)/GNU Tools ARM Embedded/4.7 2013q2/arm-none-eabi/lib/armv6-m\libm.a(lib_a-s_lib_ver.o)
                              C:/Program Files (x86)/GNU Tools ARM Embedded/4.7 2013q2/arm-none-eabi/lib/armv6-m\libm.a(lib_a-w_asin.o) (__fdlib_version)
C:/Program Files (x86)/GNU Tools ARM Embedded/4.7 2013q2/arm-none-eabi/lib/armv6-m\libm.a(lib_a-s_matherr.o)
                              C:/Program Files (x86)/GNU Tools ARM Embedded/4.7 2013q2/arm-none-eabi/lib/armv6-m\libm.a(lib_a-w_asin.o) (matherr)
C:/Program Files (x86)/GNU Tools ARM Embedded/4.7 2013q2/arm-none-eabi/lib/armv6-m\libm.a(lib_a-s_nan.o)
                              C:/Program Files (x86)/GNU Tools ARM Embedded/4.7 2013q2/arm-none-eabi/lib/armv6-m\libm.a(lib_a-w_asin.o) (nan)
C:/Program Files (x86)/GNU Tools ARM Embedded/4.7 2013q2/arm-none-eabi/lib/armv6-m\libm.a(lib_a-s_scalbn.o)
                              C:/Program Files (x86)/GNU Tools ARM Embedded/4.7 2013q2/arm-none-eabi/lib/armv6-m\libm.a(lib_a-k_rem_pio2.o) (scalbn)
C:/Program Files (x86)/GNU Tools ARM Embedded/4.7 2013q2/arm-none-eabi/lib/armv6-m\libm.a(lib_a-s_copysign.o)
[...]
Memory Configuration

Name             Origin             Length             Attributes
FLASH            0x00000000         0x00040000         xr
RAM              0x20000000         0x00004000         xrw
*default*        0x00000000         0xffffffff

Linker script and memory map

LOAD c:/program files (x86)/gnu tools arm embedded/4.7 2013q2/bin/../lib/gcc/arm-none-eabi/4.7.4/armv6-m/crti.o
LOAD c:/program files (x86)/gnu tools arm embedded/4.7 2013q2/bin/../lib/gcc/arm-none-eabi/4.7.4/armv6-m/crtbegin.o
LOAD c:/program files (x86)/gnu tools arm embedded/4.7 2013q2/bin/../lib/gcc/arm-none-eabi/4.7.4/../../../../arm-none-eabi/lib/armv6-m/crt0.o
LOAD _build/main_tx.o
LOAD _build/MPUQuaternion.o
LOAD _build/MPU9150Lib.o
LOAD _build/radio_config.o
LOAD _build/simple_uart.o
LOAD _build/twi_master.o
LOAD _build/inv_mpu_dmp_motion_driver.o
LOAD _build/inv_mpu.o
LOAD _build/MPU9150_I2Cdev.o
LOAD _build/MPUVector3.o
LOAD _build/RTC1_ms_timer.o
LOAD _build/nrf_delay.o
LOAD _build/system_nrf51.o
LOAD _build/gcc_startup_nrf51.o
LOAD C:/Program Files (x86)/GNU Tools ARM Embedded/4.7 2013q2/arm-none-eabi/lib/armv6-m\libm.a
START GROUP
LOAD C:/Program Files (x86)/GNU Tools ARM Embedded/4.7 2013q2/lib/gcc/arm-none-eabi/4.7.4/armv6-m\libgcc.a
LOAD C:/Program Files (x86)/GNU Tools ARM Embedded/4.7 2013q2/arm-none-eabi/lib/armv6-m\libc.a
END GROUP
LOAD c:/program files (x86)/gnu tools arm embedded/4.7 2013q2/bin/../lib/gcc/arm-none-eabi/4.7.4/armv6-m/crtend.o
LOAD c:/program files (x86)/gnu tools arm embedded/4.7 2013q2/bin/../lib/gcc/arm-none-eabi/4.7.4/armv6-m/crtn.o
START GROUP
LOAD C:/Program Files (x86)/GNU Tools ARM Embedded/4.7 2013q2/lib/gcc/arm-none-eabi/4.7.4/armv6-m\libgcc.a
LOAD C:/Program Files (x86)/GNU Tools ARM Embedded/4.7 2013q2/arm-none-eabi/lib/armv6-m\libc.a
LOAD C:/Program Files (x86)/GNU Tools ARM Embedded/4.7 2013q2/arm-none-eabi/lib/armv6-m\libnosys.a
END GROUP

.text           0x00000000     0xdd44
 *(.Vectors)
 .Vectors       0x00000000       0xc0 _build/gcc_startup_nrf51.o
                0x00000000                __Vectors
 *(.text*)
 .text          0x000000c0        0x0 c:/program files (x86)/gnu tools arm embedded/4.7 2013q2/bin/../lib/gcc/arm-none-eabi/4.7.4/armv6-m/crti.o
 .text          0x000000c0       0x60 c:/program files (x86)/gnu tools arm embedded/4.7 2013q2/bin/../lib/gcc/arm-none-eabi/4.7.4/armv6-m/crtbegin.o
 .text          0x00000120       0x74 c:/program files (x86)/gnu tools arm embedded/4.7 2013q2/bin/../lib/gcc/arm-none-eabi/4.7.4/../../../../arm-none-eabi/lib/armv6-m/crt0.o
                0x00000120                _start
                0x00000120                start
                0x00000120                _mainCRTStartup
 .text          0x00000194      0x234 _build/main_tx.o
                0x000001f4                init
                0x000002a4                Radio_Tx
                0x000002fc                main
 .text          0x000003c8      0x780 _build/MPUQuaternion.o
                0x000003c8                MPUQuaternionNorm
                0x00000470                MPUQuaternionNormalize
                0x000004f8                MPUQuaternionQuaternionToEuler
                0x00000738                MPUQuaternionEulerToQuaternion
                0x00000970                MPUQuaternionConjugate
                0x000009c0                MPUQuaternionMultiply
 .text          0x00000b48      0xa64 _build/MPU9150Lib.o
                0x00000c50                MPU9150Lib
                0x00000c78                selectDevice
                0x00000c94                useAccelCal
                0x00000cb4                disableAccelCal
                0x00000cf0                useMagCal
                0x00000d10                MPU9150_init
                0x00000ee8                MPU9150_read
                0x000010d8                dataFusion
                0x0000135c                printQuaternionfloat
                0x000013e8                printQuaternionlong
                0x00001454                printVectorshort
                0x000014b0                printVectorfloat
                0x0000151c                printAngles
 .text          0x000015ac      0x130 _build/radio_config.o
                0x000015ac                radio_configure
 .text          0x000016dc      0x53c _build/simple_uart.o
                0x0000175c                simple_uart_get
                0x0000178c                simple_uart_C_get
                0x000017cc                simple_uart_get_with_timeout
                0x00001844                UsrItoaS
                0x000018e0                UsrStrRev
                0x00001958                simple_uart_put
                0x00001994                simple_uart_putstring
                0x000019e8                simple_uart_putinteger10
                0x00001a10                simple_uart_putinteger16
                0x00001a38                serialPrintFloatArr
                0x00001a9c                serialFloatPrint
                0x00001b48                simple_uart_config
 .text          0x00001c18      0x4e0 _build/twi_master.o
                0x00001f70                twi_master_init
                0x00002010                twi_master_transfer
 .text          0x000020f8     0x1030 _build/inv_mpu_dmp_motion_driver.o
                0x000020f8                dmp_select_device
                0x0000213c                dmp_init_structures
                0x00002178                dmp_load_motion_driver_firmware
                0x000021a4                dmp_set_orientation
                0x000023f4                dmp_set_gyro_bias
                0x00002664                dmp_set_accel_bias
                0x000028bc                dmp_set_fifo_rate
                0x00002980                dmp_get_fifo_rate
                0x000029a0                dmp_enable_feature
                0x00002c04                dmp_get_enabled_features
                0x00002c24                dmp_enable_gyro_cal
                0x00002ca0                dmp_enable_lp_quat
                0x00002d08                dmp_enable_6x_lp_quat
                0x00002d70                dmp_set_interrupt_mode
                0x00002df4                dmp_read_fifo
 .text          0x00003128     0x31f4 _build/inv_mpu.o
                0x00003128                mpu_select_device
                0x000031c0                mpu_init_structures
                0x00003534                mpu_reg_dump
                0x000035b0                mpu_read_reg
                0x00003628                mpu_init
                0x00003980                mpu_lp_accel_mode
                0x00003acc                mpu_get_gyro_reg
                0x00003b7c                mpu_get_accel_reg
                0x00003c2c                mpu_get_temperature
                0x00003d14                mpu_set_accel_bias
                0x00003f90                mpu_reset_fifo
                0x00004260                mpu_get_gyro_fsr
                0x000042c0                mpu_set_gyro_fsr
                0x0000439c                mpu_get_accel_fsr
                0x0000440c                mpu_set_accel_fsr
                0x000044d8                mpu_get_lpf
                0x00004540                mpu_set_lpf
                0x00004630                mpu_get_sample_rate
                0x00004664                mpu_set_sample_rate
                0x00004784                mpu_get_compass_sample_rate
                0x000047a4                mpu_set_compass_sample_rate
                0x00004858                mpu_get_gyro_sens
                0x000048c0                mpu_get_accel_sens
                0x00004938                mpu_get_fifo_config
                0x00004958                mpu_configure_fifo
                0x00004a20                mpu_get_power_state
                0x00004a50                mpu_set_sensors
                0x00004cc0                mpu_get_int_status
                0x00004d28                mpu_read_fifo
                0x000050ec                mpu_read_fifo_stream
                0x000052e0                mpu_set_bypass
                0x0000550c                mpu_set_int_level
                0x00005534                mpu_set_int_latched
                0x000055f4                mpu_write_mem
                0x000056cc                mpu_read_mem
                0x000057a0                mpu_load_firmware
                0x00005938                mpu_set_dmp_state
                0x00005a04                mpu_get_dmp_state
                0x00005e34                mpu_get_compass_reg
                0x00005f90                mpu_get_compass_fsr
                0x00005fb4                mpu_lp_motion_interrupt
 .text          0x0000631c      0x1c0 _build/MPU9150_I2Cdev.o
                0x0000631c                mpu9150_write_Bytes
                0x0000646c                mpu9150_read_Bytes
 .text          0x000064dc      0x138 _build/MPUVector3.o
                0x000064dc                MPUVector3DotProduct
                0x0000654c                MPUVector3CrossProduct
 .text          0x00006614      0x170 _build/RTC1_ms_timer.o
                0x00006640                setup_RTC1_1ms_timer
                0x000066d8                RTC1_1ms_user_int_task
                0x000066e0                RTC1_IRQHandler
                0x00006758                millis
                0x0000676c                get_ms
 .text          0x00006784       0x5c _build/nrf_delay.o
                0x000067b8                nrf_delay_ms
 .text          0x000067e0      0x128 _build/system_nrf51.o
                0x000067e0                SystemCoreClockUpdate
                0x000067f8                SystemInit
 .text          0x00006908       0x48 _build/gcc_startup_nrf51.o
                0x00006908                Reset_Handler
                0x00006944                NMI_Handler
                0x00006946                HardFault_Handler
                0x00006948                SVC_Handler
                0x0000694a                PendSV_Handler
                0x0000694c                SysTick_Handler
                0x0000694e                GPIOTE_IRQHandler
                0x0000694e                RTC0_IRQHandler
                0x0000694e                SPI0_TWI0_IRQHandler
                0x0000694e                RADIO_IRQHandler
                0x0000694e                SWI4_IRQHandler
                0x0000694e                TEMP_IRQHandler
                0x0000694e                QDEC_IRQHandler
                0x0000694e                UART0_IRQHandler
                0x0000694e                SWI5_IRQHandler
                0x0000694e                TIMER0_IRQHandler
                0x0000694e                POWER_CLOCK_IRQHandler
                0x0000694e                SWI0_IRQHandler
                0x0000694e                TIMER1_IRQHandler
                0x0000694e                ECB_IRQHandler
                0x0000694e                Default_Handler
                0x0000694e                ADC_IRQHandler
                0x0000694e                LPCOMP_COMP_IRQHandler
                0x0000694e                SWI3_IRQHandler
                0x0000694e                CCM_AAR_IRQHandler
                0x0000694e                WDT_IRQHandler
                0x0000694e                TIMER2_IRQHandler
                0x0000694e                SWI2_IRQHandler
                0x0000694e                RNG_IRQHandler
                0x0000694e                SPI1_TWI1_IRQHandler
                0x0000694e                SWI1_IRQHandler
 .text          0x00006950        0x0 C:/Program Files (x86)/GNU Tools ARM Embedded/4.7 2013q2/arm-none-eabi/lib/armv6-m\libm.a(lib_a-s_cos.o)
 .text.cos      0x00006950       0xa8 C:/Program Files (x86)/GNU Tools ARM Embedded/4.7 2013q2/arm-none-eabi/lib/armv6-m\libm.a(lib_a-s_cos.o)
                0x00006950                cos
 .text          0x000069f8        0x0 C:/Program Files (x86)/GNU Tools ARM Embedded/4.7 2013q2/arm-none-eabi/lib/armv6-m\libm.a(lib_a-s_sin.o)
 .text.sin      0x000069f8       0xb0 C:/Program Files (x86)/GNU Tools ARM Embedded/4.7 2013q2/arm-none-eabi/lib/armv6-m\libm.a(lib_a-s_sin.o)
                0x000069f8                sin
 .text          0x00006aa8        0x0 C:/Program Files (x86)/GNU Tools ARM Embedded/4.7 2013q2/arm-none-eabi/lib/armv6-m\libm.a(lib_a-w_asin.o)
 .text.asin     0x00006aa8       0xb8 C:/Program Files (x86)/GNU Tools ARM Embedded/4.7 2013q2/arm-none-eabi/lib/armv6-m\libm.a(lib_a-w_asin.o)
                0x00006aa8                asin
 .text          0x00006b60        0x0 C:/Program Files (x86)/GNU Tools ARM Embedded/4.7 2013q2/arm-none-eabi/lib/armv6-m\libm.a(lib_a-w_atan2.o)
 .text.atan2    0x00006b60        0x8 C:/Program Files (x86)/GNU Tools ARM Embedded/4.7 2013q2/arm-none-eabi/lib/armv6-m\libm.a(lib_a-w_atan2.o)
                0x00006b60                atan2
 .text          0x00006b68        0x0 C:/Program Files (x86)/GNU Tools ARM Embedded/4.7 2013q2/arm-none-eabi/lib/armv6-m\libm.a(lib_a-w_sqrt.o)
 .text.sqrt     0x00006b68       0xc0 C:/Program Files (x86)/GNU Tools ARM Embedded/4.7 2013q2/arm-none-eabi/lib/armv6-m\libm.a(lib_a-w_sqrt.o)
                0x00006b68                sqrt
 .text          0x00006c28        0x0 C:/Program Files (x86)/GNU Tools ARM Embedded/4.7 2013q2/arm-none-eabi/lib/armv6-m\libm.a(lib_a-e_asin.o)
 .text.__ieee754_asin
                0x00006c28      0x450 C:/Program Files (x86)/GNU Tools ARM Embedded/4.7 2013q2/arm-none-eabi/lib/armv6-m\libm.a(lib_a-e_asin.o)
                0x00006c28                __ieee754_asin
 .text          0x00007078        0x0 C:/Program Files (x86)/GNU Tools ARM Embedded/4.7 2013q2/arm-none-eabi/lib/armv6-m\libm.a(lib_a-e_atan2.o)
 .text.__ieee754_atan2
                0x00007078      0x1e0 C:/Program Files (x86)/GNU Tools ARM Embedded/4.7 2013q2/arm-none-eabi/lib/armv6-m\libm.a(lib_a-e_atan2.o)
                0x00007078                __ieee754_atan2
 .text          0x00007258        0x0 C:/Program Files (x86)/GNU Tools ARM Embedded/4.7 2013q2/arm-none-eabi/lib/armv6-m\libm.a(lib_a-e_rem_pio2.o)
 .text.__ieee754_rem_pio2
                0x00007258      0x498 C:/Program Files (x86)/GNU Tools ARM Embedded/4.7 2013q2/arm-none-eabi/lib/armv6-m\libm.a(lib_a-e_rem_pio2.o)
                0x00007258                __ieee754_rem_pio2
 .text          0x000076f0        0x0 C:/Program Files (x86)/GNU Tools ARM Embedded/4.7 2013q2/arm-none-eabi/lib/armv6-m\libm.a(lib_a-e_sqrt.o)
 .text.__ieee754_sqrt
                0x000076f0      0x230 C:/Program Files (x86)/GNU Tools ARM Embedded/4.7 2013q2/arm-none-eabi/lib/armv6-m\libm.a(lib_a-e_sqrt.o)
                0x000076f0                __ieee754_sqrt
 .text          0x00007920        0x0 C:/Program Files (x86)/GNU Tools ARM Embedded/4.7 2013q2/arm-none-eabi/lib/armv6-m\libm.a(lib_a-k_cos.o)
 .text.__kernel_cos
                0x00007920      0x250 C:/Program Files (x86)/GNU Tools ARM Embedded/4.7 2013q2/arm-none-eabi/lib/armv6-m\libm.a(lib_a-k_cos.o)
                0x00007920                __kernel_cos
 .text          0x00007b70        0x0 C:/Program Files (x86)/GNU Tools ARM Embedded/4.7 2013q2/arm-none-eabi/lib/armv6-m\libm.a(lib_a-k_rem_pio2.o)
 .text.__kernel_rem_pio2
                0x00007b70      0xfc0 C:/Program Files (x86)/GNU Tools ARM Embedded/4.7 2013q2/arm-none-eabi/lib/armv6-m\libm.a(lib_a-k_rem_pio2.o)
                0x00007b70                __kernel_rem_pio2
 .text          0x00008b30        0x0 C:/Program Files (x86)/GNU Tools ARM Embedded/4.7 2013q2/arm-none-eabi/lib/armv6-m\libm.a(lib_a-k_sin.o)
 .text.__kernel_sin
                0x00008b30      0x168 C:/Program Files (x86)/GNU Tools ARM Embedded/4.7 2013q2/arm-none-eabi/lib/armv6-m\libm.a(lib_a-k_sin.o)
                0x00008b30                __kernel_sin
 .text          0x00008c98        0x0 C:/Program Files (x86)/GNU Tools ARM Embedded/4.7 2013q2/arm-none-eabi/lib/armv6-m\libm.a(lib_a-s_atan.o)
 .text.atan     0x00008c98      0x358 C:/Program Files (x86)/GNU Tools ARM Embedded/4.7 2013q2/arm-none-eabi/lib/armv6-m\libm.a(lib_a-s_atan.o)
                0x00008c98                atan
 .text          0x00008ff0        0x0 C:/Program Files (x86)/GNU Tools ARM Embedded/4.7 2013q2/arm-none-eabi/lib/armv6-m\libm.a(lib_a-s_fabs.o)
 .text.fabs     0x00008ff0        0x8 C:/Program Files (x86)/GNU Tools ARM Embedded/4.7 2013q2/arm-none-eabi/lib/armv6-m\libm.a(lib_a-s_fabs.o)
                0x00008ff0                fabs
 .text          0x00008ff8        0x0 C:/Program Files (x86)/GNU Tools ARM Embedded/4.7 2013q2/arm-none-eabi/lib/armv6-m\libm.a(lib_a-s_floor.o)
 .text.floor    0x00008ff8      0x140 C:/Program Files (x86)/GNU Tools ARM Embedded/4.7 2013q2/arm-none-eabi/lib/armv6-m\libm.a(lib_a-s_floor.o)
                0x00008ff8                floor
 .text          0x00009138        0x0 C:/Program Files (x86)/GNU Tools ARM Embedded/4.7 2013q2/arm-none-eabi/lib/armv6-m\libm.a(lib_a-s_fpclassify.o)
 .text.__fpclassifyd
                0x00009138       0x70 C:/Program Files (x86)/GNU Tools ARM Embedded/4.7 2013q2/arm-none-eabi/lib/armv6-m\libm.a(lib_a-s_fpclassify.o)
                0x00009138                __fpclassifyd
 .text          0x000091a8        0x0 C:/Program Files (x86)/GNU Tools ARM Embedded/4.7 2013q2/arm-none-eabi/lib/armv6-m\libm.a(lib_a-s_lib_ver.o)
 .text          0x000091a8        0x0 C:/Program Files (x86)/GNU Tools ARM Embedded/4.7 2013q2/arm-none-eabi/lib/armv6-m\libm.a(lib_a-s_matherr.o)
 .text.matherr  0x000091a8        0x4 C:/Program Files (x86)/GNU Tools ARM Embedded/4.7 2013q2/arm-none-eabi/lib/armv6-m\libm.a(lib_a-s_matherr.o)
                0x000091a8                matherr
 .text          0x000091ac        0x0 C:/Program Files (x86)/GNU Tools ARM Embedded/4.7 2013q2/arm-none-eabi/lib/armv6-m\libm.a(lib_a-s_nan.o)
 *fill*         0x000091ac        0x4 00
 .text.nan      0x000091b0       0x10 C:/Program Files (x86)/GNU Tools ARM Embedded/4.7 2013q2/arm-none-eabi/lib/armv6-m\libm.a(lib_a-s_nan.o)
                0x000091b0                nan
 .text          0x000091c0        0x0 C:/Program Files (x86)/GNU Tools ARM Embedded/4.7 2013q2/arm-none-eabi/lib/armv6-m\libm.a(lib_a-s_scalbn.o)
 .text.scalbn   0x000091c0      0x110 C:/Program Files (x86)/GNU Tools ARM Embedded/4.7 2013q2/arm-none-eabi/lib/armv6-m\libm.a(lib_a-s_scalbn.o)
                0x000091c0                scalbn
 .text          0x000092d0        0x0 C:/Program Files (x86)/GNU Tools ARM Embedded/4.7 2013q2/arm-none-eabi/lib/armv6-m\libm.a(lib_a-s_copysign.o)
 .text.copysign
                0x000092d0       0x10 C:/Program Files (x86)/GNU Tools ARM Embedded/4.7 2013q2/arm-none-eabi/lib/armv6-m\libm.a(lib_a-s_copysign.o)
                0x000092d0                copysign
 .text          0x000092e0       0x9c C:/Program Files (x86)/GNU Tools ARM Embedded/4.7 2013q2/lib/gcc/arm-none-eabi/4.7.4/armv6-m\libgcc.a(_udivsi3.o)
                0x000092e0                __aeabi_uidiv
                0x000092e0                __udivsi3
                0x00009368                __aeabi_uidivmod
 .text          0x0000937c       0xc0 C:/Program Files (x86)/GNU Tools ARM Embedded/4.7 2013q2/lib/gcc/arm-none-eabi/4.7.4/armv6-m\libgcc.a(_divsi3.o)
                0x0000937c                __divsi3
                0x0000937c                __aeabi_idiv
                0x00009428                __aeabi_idivmod
 .text          0x0000943c        0x4 C:/Program Files (x86)/GNU Tools ARM Embedded/4.7 2013q2/lib/gcc/arm-none-eabi/4.7.4/armv6-m\libgcc.a(_dvmd_tls.o)
                0x0000943c                __aeabi_idiv0
                0x0000943c                __aeabi_ldiv0
 .text          0x00009440       0x7c C:/Program Files (x86)/GNU Tools ARM Embedded/4.7 2013q2/lib/gcc/arm-none-eabi/4.7.4/armv6-m\libgcc.a(_arm_cmpdf2.o)
                0x00009440                __aeabi_cdrcmple
                0x00009450                __aeabi_cdcmple
                0x00009450                __aeabi_cdcmpeq
                0x00009460                __aeabi_dcmpeq
                0x0000946c                __aeabi_dcmplt
                0x00009480                __aeabi_dcmple
                0x00009494                __aeabi_dcmpgt
                0x000094a8                __aeabi_dcmpge
 .text          0x000094bc       0x74 C:/Program Files (x86)/GNU Tools ARM Embedded/4.7 2013q2/lib/gcc/arm-none-eabi/4.7.4/armv6-m\libgcc.a(_arm_cmpsf2.o)
                0x000094bc                __aeabi_cfrcmple
                0x000094c4                __aeabi_cfcmpeq
                0x000094c4                __aeabi_cfcmple
                0x000094d4                __aeabi_fcmpeq
                0x000094e0                __aeabi_fcmplt
                0x000094f4                __aeabi_fcmple
                0x00009508                __aeabi_fcmpgt
                0x0000951c                __aeabi_fcmpge
 .text          0x00009530       0x44 C:/Program Files (x86)/GNU Tools ARM Embedded/4.7 2013q2/lib/gcc/arm-none-eabi/4.7.4/armv6-m\libgcc.a(_muldi3.o)
                0x00009530                __muldi3
                0x00009530                __aeabi_lmul
 .text          0x00009574      0x3ac C:/Program Files (x86)/GNU Tools ARM Embedded/4.7 2013q2/lib/gcc/arm-none-eabi/4.7.4/armv6-m\libgcc.a(addsf3.o)
                0x00009574                __aeabi_fadd
 .text          0x00009920      0x274 C:/Program Files (x86)/GNU Tools ARM Embedded/4.7 2013q2/lib/gcc/arm-none-eabi/4.7.4/armv6-m\libgcc.a(divsf3.o)
                0x00009920                __aeabi_fdiv
 .text          0x00009b94       0x50 C:/Program Files (x86)/GNU Tools ARM Embedded/4.7 2013q2/lib/gcc/arm-none-eabi/4.7.4/armv6-m\libgcc.a(eqsf2.o)
                0x00009b94                __eqsf2
                0x00009b94                __nesf2
 .text          0x00009be4       0x90 C:/Program Files (x86)/GNU Tools ARM Embedded/4.7 2013q2/lib/gcc/arm-none-eabi/4.7.4/armv6-m\libgcc.a(gesf2.o)
                0x00009be4                __gesf2
                0x00009be4                __gtsf2
 .text          0x00009c74       0x90 C:/Program Files (x86)/GNU Tools ARM Embedded/4.7 2013q2/lib/gcc/arm-none-eabi/4.7.4/armv6-m\libgcc.a(lesf2.o)
                0x00009c74                __ltsf2
                0x00009c74                __lesf2
 .text          0x00009d04      0x260 C:/Program Files (x86)/GNU Tools ARM Embedded/4.7 2013q2/lib/gcc/arm-none-eabi/4.7.4/armv6-m\libgcc.a(mulsf3.o)
                0x00009d04                __aeabi_fmul
 .text          0x00009f64      0x3b4 C:/Program Files (x86)/GNU Tools ARM Embedded/4.7 2013q2/lib/gcc/arm-none-eabi/4.7.4/armv6-m\libgcc.a(subsf3.o)
                0x00009f64                __aeabi_fsub
 .text          0x0000a318       0x40 C:/Program Files (x86)/GNU Tools ARM Embedded/4.7 2013q2/lib/gcc/arm-none-eabi/4.7.4/armv6-m\libgcc.a(fixsfsi.o)
                0x0000a318                __aeabi_f2iz
 .text          0x0000a358       0xa8 C:/Program Files (x86)/GNU Tools ARM Embedded/4.7 2013q2/lib/gcc/arm-none-eabi/4.7.4/armv6-m\libgcc.a(floatsisf.o)
                0x0000a358                __aeabi_i2f
 .text          0x0000a400      0x760 C:/Program Files (x86)/GNU Tools ARM Embedded/4.7 2013q2/lib/gcc/arm-none-eabi/4.7.4/armv6-m\libgcc.a(adddf3.o)
                0x0000a400                __aeabi_dadd
 .text          0x0000ab60      0x5b8 C:/Program Files (x86)/GNU Tools ARM Embedded/4.7 2013q2/lib/gcc/arm-none-eabi/4.7.4/armv6-m\libgcc.a(divdf3.o)
                0x0000ab60                __aeabi_ddiv
 .text          0x0000b118       0x7c C:/Program Files (x86)/GNU Tools ARM Embedded/4.7 2013q2/lib/gcc/arm-none-eabi/4.7.4/armv6-m\libgcc.a(eqdf2.o)
                0x0000b118                __nedf2
                0x0000b118                __eqdf2
 .text          0x0000b194       0xe8 C:/Program Files (x86)/GNU Tools ARM Embedded/4.7 2013q2/lib/gcc/arm-none-eabi/4.7.4/armv6-m\libgcc.a(gedf2.o)
                0x0000b194                __gedf2
                0x0000b194                __gtdf2
 .text          0x0000b27c       0xd8 C:/Program Files (x86)/GNU Tools ARM Embedded/4.7 2013q2/lib/gcc/arm-none-eabi/4.7.4/armv6-m\libgcc.a(ledf2.o)
                0x0000b27c                __ledf2
                0x0000b27c                __ltdf2
 .text          0x0000b354      0x4e4 C:/Program Files (x86)/GNU Tools ARM Embedded/4.7 2013q2/lib/gcc/arm-none-eabi/4.7.4/armv6-m\libgcc.a(muldf3.o)
                0x0000b354                __aeabi_dmul
 .text          0x0000b838      0x704 C:/Program Files (x86)/GNU Tools ARM Embedded/4.7 2013q2/lib/gcc/arm-none-eabi/4.7.4/armv6-m\libgcc.a(subdf3.o)
                0x0000b838                __aeabi_dsub
 .text          0x0000bf3c       0x68 C:/Program Files (x86)/GNU Tools ARM Embedded/4.7 2013q2/lib/gcc/arm-none-eabi/4.7.4/armv6-m\libgcc.a(fixdfsi.o)
                0x0000bf3c                __aeabi_d2iz
 .text          0x0000bfa4       0x74 C:/Program Files (x86)/GNU Tools ARM Embedded/4.7 2013q2/lib/gcc/arm-none-eabi/4.7.4/armv6-m\libgcc.a(floatsidf.o)
                0x0000bfa4                __aeabi_i2d
 .text          0x0000c018       0xa8 C:/Program Files (x86)/GNU Tools ARM Embedded/4.7 2013q2/lib/gcc/arm-none-eabi/4.7.4/armv6-m\libgcc.a(extendsfdf2.o)
                0x0000c018                __aeabi_f2d
 .text          0x0000c0c0      0x144 C:/Program Files (x86)/GNU Tools ARM Embedded/4.7 2013q2/lib/gcc/arm-none-eabi/4.7.4/armv6-m\libgcc.a(truncdfsf2.o)
                0x0000c0c0                __aeabi_d2f
 .text          0x0000c204       0x3c C:/Program Files (x86)/GNU Tools ARM Embedded/4.7 2013q2/lib/gcc/arm-none-eabi/4.7.4/armv6-m\libgcc.a(_clzsi2.o)
                0x0000c204                __clzsi2
 .text          0x0000c240        0x0 C:/Program Files (x86)/GNU Tools ARM Embedded/4.7 2013q2/arm-none-eabi/lib/armv6-m\libc.a(lib_a-__atexit.o)
 .text.__register_exitproc
                0x0000c240       0xc4 C:/Program Files (x86)/GNU Tools ARM Embedded/4.7 2013q2/arm-none-eabi/lib/armv6-m\libc.a(lib_a-__atexit.o)
                0x0000c240                __register_exitproc
 .text          0x0000c304        0x0 C:/Program Files (x86)/GNU Tools ARM Embedded/4.7 2013q2/arm-none-eabi/lib/armv6-m\libc.a(lib_a-errno.o)
 .text.__errno  0x0000c304        0xc C:/Program Files (x86)/GNU Tools ARM Embedded/4.7 2013q2/arm-none-eabi/lib/armv6-m\libc.a(lib_a-errno.o)
                0x0000c304                __errno
 .text          0x0000c310        0x0 C:/Program Files (x86)/GNU Tools ARM Embedded/4.7 2013q2/arm-none-eabi/lib/armv6-m\libc.a(lib_a-exit.o)
 .text.exit     0x0000c310       0x20 C:/Program Files (x86)/GNU Tools ARM Embedded/4.7 2013q2/arm-none-eabi/lib/armv6-m\libc.a(lib_a-exit.o)
                0x0000c310                exit
 .text          0x0000c330        0x0 C:/Program Files (x86)/GNU Tools ARM Embedded/4.7 2013q2/arm-none-eabi/lib/armv6-m\libc.a(lib_a-fini.o)
 .text.__libc_fini_array
                0x0000c330       0x60 C:/Program Files (x86)/GNU Tools ARM Embedded/4.7 2013q2/arm-none-eabi/lib/armv6-m\libc.a(lib_a-fini.o)
                0x0000c330                __libc_fini_array
 .text          0x0000c390        0x0 C:/Program Files (x86)/GNU Tools ARM Embedded/4.7 2013q2/arm-none-eabi/lib/armv6-m\libc.a(lib_a-impure.o)
 .text          0x0000c390        0x0 C:/Program Files (x86)/GNU Tools ARM Embedded/4.7 2013q2/arm-none-eabi/lib/armv6-m\libc.a(lib_a-init.o)
 .text.__libc_init_array
                0x0000c390       0x90 C:/Program Files (x86)/GNU Tools ARM Embedded/4.7 2013q2/arm-none-eabi/lib/armv6-m\libc.a(lib_a-init.o)
                0x0000c390                __libc_init_array
 .text          0x0000c420        0x0 C:/Program Files (x86)/GNU Tools ARM Embedded/4.7 2013q2/arm-none-eabi/lib/armv6-m\libc.a(lib_a-memcmp.o)
 .text.memcmp   0x0000c420       0xb4 C:/Program Files (x86)/GNU Tools ARM Embedded/4.7 2013q2/arm-none-eabi/lib/armv6-m\libc.a(lib_a-memcmp.o)
                0x0000c420                memcmp
 .text          0x0000c4d4        0x0 C:/Program Files (x86)/GNU Tools ARM Embedded/4.7 2013q2/arm-none-eabi/lib/armv6-m\libc.a(lib_a-memcpy.o)
 .text.memcpy   0x0000c4d4      0x144 C:/Program Files (x86)/GNU Tools ARM Embedded/4.7 2013q2/arm-none-eabi/lib/armv6-m\libc.a(lib_a-memcpy.o)
                0x0000c4d4                memcpy
 .text          0x0000c618        0x0 C:/Program Files (x86)/GNU Tools ARM Embedded/4.7 2013q2/arm-none-eabi/lib/armv6-m\libc.a(lib_a-memset.o)
 .text.memset   0x0000c618      0x118 C:/Program Files (x86)/GNU Tools ARM Embedded/4.7 2013q2/arm-none-eabi/lib/armv6-m\libc.a(lib_a-memset.o)
                0x0000c618                memset
 .text          0x0000c730        0x0 C:/Program Files (x86)/GNU Tools ARM Embedded/4.7 2013q2/arm-none-eabi/lib/armv6-m\libc.a(lib_a-strlen.o)
 .text.strlen   0x0000c730       0x10 C:/Program Files (x86)/GNU Tools ARM Embedded/4.7 2013q2/arm-none-eabi/lib/armv6-m\libc.a(lib_a-strlen.o)
                0x0000c730                strlen
 .text          0x0000c740        0x0 C:/Program Files (x86)/GNU Tools ARM Embedded/4.7 2013q2/arm-none-eabi/lib/armv6-m\libc.a(lib_a-__call_atexit.o)
 .text.startup.register_fini
                0x0000c740       0x18 C:/Program Files (x86)/GNU Tools ARM Embedded/4.7 2013q2/arm-none-eabi/lib/armv6-m\libc.a(lib_a-__call_atexit.o)
 .text.__call_exitprocs
                0x0000c758      0x264 C:/Program Files (x86)/GNU Tools ARM Embedded/4.7 2013q2/arm-none-eabi/lib/armv6-m\libc.a(lib_a-__call_atexit.o)
                0x0000c758                __call_exitprocs
 .text          0x0000c9bc        0x0 C:/Program Files (x86)/GNU Tools ARM Embedded/4.7 2013q2/arm-none-eabi/lib/armv6-m\libc.a(lib_a-atexit.o)
 .text.atexit   0x0000c9bc       0x10 C:/Program Files (x86)/GNU Tools ARM Embedded/4.7 2013q2/arm-none-eabi/lib/armv6-m\libc.a(lib_a-atexit.o)
                0x0000c9bc                atexit
 .text          0x0000c9cc        0x0 c:/program files (x86)/gnu tools arm embedded/4.7 2013q2/bin/../lib/gcc/arm-none-eabi/4.7.4/armv6-m/crtend.o
 .text          0x0000c9cc        0x0 c:/program files (x86)/gnu tools arm embedded/4.7 2013q2/bin/../lib/gcc/arm-none-eabi/4.7.4/armv6-m/crtn.o
 .text          0x0000c9cc        0x0 C:/Program Files (x86)/GNU Tools ARM Embedded/4.7 2013q2/arm-none-eabi/lib/armv6-m\libnosys.a(_exit.o)
 .text._exit    0x0000c9cc        0x4 C:/Program Files (x86)/GNU Tools ARM Embedded/4.7 2013q2/arm-none-eabi/lib/armv6-m\libnosys.a(_exit.o)
                0x0000c9cc                _exit
 *(.init)
 .init          0x0000c9d0        0x4 c:/program files (x86)/gnu tools arm embedded/4.7 2013q2/bin/../lib/gcc/arm-none-eabi/4.7.4/armv6-m/crti.o
                0x0000c9d0                _init
 .init          0x0000c9d4        0x8 c:/program files (x86)/gnu tools arm embedded/4.7 2013q2/bin/../lib/gcc/arm-none-eabi/4.7.4/armv6-m/crtn.o
 *(.fini)
 .fini          0x0000c9dc        0x4 c:/program files (x86)/gnu tools arm embedded/4.7 2013q2/bin/../lib/gcc/arm-none-eabi/4.7.4/armv6-m/crti.o
                0x0000c9dc                _fini
 .fini          0x0000c9e0        0x8 c:/program files (x86)/gnu tools arm embedded/4.7 2013q2/bin/../lib/gcc/arm-none-eabi/4.7.4/armv6-m/crtn.o
 *crtbegin.o(.ctors)
 *crtbegin?.o(.ctors)
 *(EXCLUDE_FILE(*crtend.o *crtend?.o) .ctors)
 *(SORT(.ctors.*))
 *(.ctors)
 *crtbegin.o(.dtors)
 *crtbegin?.o(.dtors)
 *(EXCLUDE_FILE(*crtend.o *crtend?.o) .dtors)
 *(SORT(.dtors.*))
 *(.dtors)
 *(.rodata*)
 .rodata        0x0000c9e8       0xa4 _build/main_tx.o
 .rodata        0x0000ca8c       0xd4 _build/MPU9150Lib.o
 .rodata        0x0000cb60        0x4 _build/simple_uart.o
 .rodata        0x0000cb64       0x4c _build/twi_master.o
 .rodata        0x0000cbb0      0xc84 _build/inv_mpu_dmp_motion_driver.o
                0x0000cbb0                dmp_memory
 .rodata        0x0000d834      0x1dc _build/inv_mpu.o
 .rodata.str1.4
                0x0000da10        0x5 C:/Program Files (x86)/GNU Tools ARM Embedded/4.7 2013q2/arm-none-eabi/lib/armv6-m\libm.a(lib_a-w_asin.o)
                                  0xc (size before relaxing)
 *fill*         0x0000da15        0x3 00
 .rodata.str1.4
                0x0000da18        0x5 C:/Program Files (x86)/GNU Tools ARM Embedded/4.7 2013q2/arm-none-eabi/lib/armv6-m\libm.a(lib_a-w_sqrt.o)
                                  0x8 (size before relaxing)
 *fill*         0x0000da1d        0x3 00
 .rodata.npio2_hw
                0x0000da20       0x80 C:/Program Files (x86)/GNU Tools ARM Embedded/4.7 2013q2/arm-none-eabi/lib/armv6-m\libm.a(lib_a-e_rem_pio2.o)
 .rodata.two_over_pi
                0x0000daa0      0x108 C:/Program Files (x86)/GNU Tools ARM Embedded/4.7 2013q2/arm-none-eabi/lib/armv6-m\libm.a(lib_a-e_rem_pio2.o)
 .rodata.init_jk
                0x0000dba8       0x10 C:/Program Files (x86)/GNU Tools ARM Embedded/4.7 2013q2/arm-none-eabi/lib/armv6-m\libm.a(lib_a-k_rem_pio2.o)
 .rodata.PIo2   0x0000dbb8       0x40 C:/Program Files (x86)/GNU Tools ARM Embedded/4.7 2013q2/arm-none-eabi/lib/armv6-m\libm.a(lib_a-k_rem_pio2.o)
 .rodata.atanlo
                0x0000dbf8       0x20 C:/Program Files (x86)/GNU Tools ARM Embedded/4.7 2013q2/arm-none-eabi/lib/armv6-m\libm.a(lib_a-s_atan.o)
 .rodata.atanhi
                0x0000dc18       0x20 C:/Program Files (x86)/GNU Tools ARM Embedded/4.7 2013q2/arm-none-eabi/lib/armv6-m\libm.a(lib_a-s_atan.o)
 .rodata        0x0000dc38       0x40 C:/Program Files (x86)/GNU Tools ARM Embedded/4.7 2013q2/lib/gcc/arm-none-eabi/4.7.4/armv6-m\libgcc.a(divsf3.o)
 .rodata        0x0000dc78       0x40 C:/Program Files (x86)/GNU Tools ARM Embedded/4.7 2013q2/lib/gcc/arm-none-eabi/4.7.4/armv6-m\libgcc.a(mulsf3.o)
 .rodata        0x0000dcb8       0x40 C:/Program Files (x86)/GNU Tools ARM Embedded/4.7 2013q2/lib/gcc/arm-none-eabi/4.7.4/armv6-m\libgcc.a(divdf3.o)
 .rodata        0x0000dcf8       0x40 C:/Program Files (x86)/GNU Tools ARM Embedded/4.7 2013q2/lib/gcc/arm-none-eabi/4.7.4/armv6-m\libgcc.a(muldf3.o)
 .rodata.str1.4
                0x0000dd38        0x4 C:/Program Files (x86)/GNU Tools ARM Embedded/4.7 2013q2/arm-none-eabi/lib/armv6-m\libc.a(lib_a-impure.o)
 .rodata._global_impure_ptr
                0x0000dd3c        0x4 C:/Program Files (x86)/GNU Tools ARM Embedded/4.7 2013q2/arm-none-eabi/lib/armv6-m\libc.a(lib_a-impure.o)
                0x0000dd3c                _global_impure_ptr
 *(.eh_frame*)
 .eh_frame      0x0000dd40        0x0 c:/program files (x86)/gnu tools arm embedded/4.7 2013q2/bin/../lib/gcc/arm-none-eabi/4.7.4/armv6-m/crtbegin.o
 .eh_frame      0x0000dd40        0x4 c:/program files (x86)/gnu tools arm embedded/4.7 2013q2/bin/../lib/gcc/arm-none-eabi/4.7.4/armv6-m/crtend.o

.glue_7         0x0000dd44        0x0
 .glue_7        0x00000000        0x0 linker stubs

.glue_7t        0x0000dd44        0x0
 .glue_7t       0x00000000        0x0 linker stubs

.vfp11_veneer   0x0000dd44        0x0
 .vfp11_veneer  0x00000000        0x0 linker stubs

.v4_bx          0x0000dd44        0x0
 .v4_bx         0x00000000        0x0 linker stubs

.iplt           0x0000dd44        0x0
 .iplt          0x00000000        0x0 c:/program files (x86)/gnu tools arm embedded/4.7 2013q2/bin/../lib/gcc/arm-none-eabi/4.7.4/armv6-m/crtbegin.o

.ARM.extab      0x0000dd44        0x0
 *(.ARM.extab* .gnu.linkonce.armextab.*)
 .ARM.extab     0x0000dd44        0x0 c:/program files (x86)/gnu tools arm embedded/4.7 2013q2/bin/../lib/gcc/arm-none-eabi/4.7.4/../../../../arm-none-eabi/lib/armv6-m/crt0.o
 .ARM.extab     0x0000dd44        0x0 _build/gcc_startup_nrf51.o
                0x0000dd44                __exidx_start = .

.ARM.exidx      0x0000dd44        0x8
 *(.ARM.exidx* .gnu.linkonce.armexidx.*)
 .ARM.exidx     0x0000dd44        0x8 c:/program files (x86)/gnu tools arm embedded/4.7 2013q2/bin/../lib/gcc/arm-none-eabi/4.7.4/../../../../arm-none-eabi/lib/armv6-m/crt0.o
 .ARM.exidx     0x0000dd4c        0x0 _build/gcc_startup_nrf51.o
                                  0x8 (size before relaxing)
                0x0000dd4c                __exidx_end = .
                0x0000dd4c                __etext = .

.rel.dyn        0x0000dd4c        0x0
 .rel.iplt      0x00000000        0x0 c:/program files (x86)/gnu tools arm embedded/4.7 2013q2/bin/../lib/gcc/arm-none-eabi/4.7.4/armv6-m/crtbegin.o

.data           0x20000000      0x454 load address 0x0000dd4c
                0x20000000                __data_start__ = .
 *(vtable)
 *(.data*)
 .data          0x20000000        0x0 c:/program files (x86)/gnu tools arm embedded/4.7 2013q2/bin/../lib/gcc/arm-none-eabi/4.7.4/armv6-m/crti.o
 .data          0x20000000        0x4 c:/program files (x86)/gnu tools arm embedded/4.7 2013q2/bin/../lib/gcc/arm-none-eabi/4.7.4/armv6-m/crtbegin.o
                0x20000000                __dso_handle
 .data          0x20000004        0x0 c:/program files (x86)/gnu tools arm embedded/4.7 2013q2/bin/../lib/gcc/arm-none-eabi/4.7.4/../../../../arm-none-eabi/lib/armv6-m/crt0.o
 .data          0x20000004        0x0 _build/main_tx.o
 .data          0x20000004        0x0 _build/MPUQuaternion.o
 .data          0x20000004        0xc _build/MPU9150Lib.o
 .data          0x20000010        0x0 _build/radio_config.o
 .data          0x20000010        0x0 _build/simple_uart.o
 .data          0x20000010        0x0 _build/twi_master.o
 .data          0x20000010        0x0 _build/inv_mpu_dmp_motion_driver.o
 .data          0x20000010        0x0 _build/inv_mpu.o
 .data          0x20000010        0x0 _build/MPU9150_I2Cdev.o
 .data          0x20000010        0x0 _build/MPUVector3.o
 .data          0x20000010        0x0 _build/RTC1_ms_timer.o
 .data          0x20000010        0x0 _build/nrf_delay.o
 .data          0x20000010        0x4 _build/system_nrf51.o
                0x20000010                SystemCoreClock
 .data          0x20000014        0x0 _build/gcc_startup_nrf51.o
 .data          0x20000014        0x0 C:/Program Files (x86)/GNU Tools ARM Embedded/4.7 2013q2/arm-none-eabi/lib/armv6-m\libm.a(lib_a-s_cos.o)
 .data          0x20000014        0x0 C:/Program Files (x86)/GNU Tools ARM Embedded/4.7 2013q2/arm-none-eabi/lib/armv6-m\libm.a(lib_a-s_sin.o)
 .data          0x20000014        0x0 C:/Program Files (x86)/GNU Tools ARM Embedded/4.7 2013q2/arm-none-eabi/lib/armv6-m\libm.a(lib_a-w_asin.o)
 .data          0x20000014        0x0 C:/Program Files (x86)/GNU Tools ARM Embedded/4.7 2013q2/arm-none-eabi/lib/armv6-m\libm.a(lib_a-w_atan2.o)
 .data          0x20000014        0x0 C:/Program Files (x86)/GNU Tools ARM Embedded/4.7 2013q2/arm-none-eabi/lib/armv6-m\libm.a(lib_a-w_sqrt.o)
 .data          0x20000014        0x0 C:/Program Files (x86)/GNU Tools ARM Embedded/4.7 2013q2/arm-none-eabi/lib/armv6-m\libm.a(lib_a-e_asin.o)
 .data          0x20000014        0x0 C:/Program Files (x86)/GNU Tools ARM Embedded/4.7 2013q2/arm-none-eabi/lib/armv6-m\libm.a(lib_a-e_atan2.o)
 .data          0x20000014        0x0 C:/Program Files (x86)/GNU Tools ARM Embedded/4.7 2013q2/arm-none-eabi/lib/armv6-m\libm.a(lib_a-e_rem_pio2.o)
 .data          0x20000014        0x0 C:/Program Files (x86)/GNU Tools ARM Embedded/4.7 2013q2/arm-none-eabi/lib/armv6-m\libm.a(lib_a-e_sqrt.o)
 .data          0x20000014        0x0 C:/Program Files (x86)/GNU Tools ARM Embedded/4.7 2013q2/arm-none-eabi/lib/armv6-m\libm.a(lib_a-k_cos.o)
 .data          0x20000014        0x0 C:/Program Files (x86)/GNU Tools ARM Embedded/4.7 2013q2/arm-none-eabi/lib/armv6-m\libm.a(lib_a-k_rem_pio2.o)
 .data          0x20000014        0x0 C:/Program Files (x86)/GNU Tools ARM Embedded/4.7 2013q2/arm-none-eabi/lib/armv6-m\libm.a(lib_a-k_sin.o)
 .data          0x20000014        0x0 C:/Program Files (x86)/GNU Tools ARM Embedded/4.7 2013q2/arm-none-eabi/lib/armv6-m\libm.a(lib_a-s_atan.o)
 .data          0x20000014        0x0 C:/Program Files (x86)/GNU Tools ARM Embedded/4.7 2013q2/arm-none-eabi/lib/armv6-m\libm.a(lib_a-s_fabs.o)
 .data          0x20000014        0x0 C:/Program Files (x86)/GNU Tools ARM Embedded/4.7 2013q2/arm-none-eabi/lib/armv6-m\libm.a(lib_a-s_floor.o)
 .data          0x20000014        0x0 C:/Program Files (x86)/GNU Tools ARM Embedded/4.7 2013q2/arm-none-eabi/lib/armv6-m\libm.a(lib_a-s_fpclassify.o)
 .data          0x20000014        0x0 C:/Program Files (x86)/GNU Tools ARM Embedded/4.7 2013q2/arm-none-eabi/lib/armv6-m\libm.a(lib_a-s_lib_ver.o)
 .data.__fdlib_version
                0x20000014        0x1 C:/Program Files (x86)/GNU Tools ARM Embedded/4.7 2013q2/arm-none-eabi/lib/armv6-m\libm.a(lib_a-s_lib_ver.o)
                0x20000014                __fdlib_version
 .data          0x20000015        0x0 C:/Program Files (x86)/GNU Tools ARM Embedded/4.7 2013q2/arm-none-eabi/lib/armv6-m\libm.a(lib_a-s_matherr.o)
 .data          0x20000015        0x0 C:/Program Files (x86)/GNU Tools ARM Embedded/4.7 2013q2/arm-none-eabi/lib/armv6-m\libm.a(lib_a-s_nan.o)
 .data          0x20000015        0x0 C:/Program Files (x86)/GNU Tools ARM Embedded/4.7 2013q2/arm-none-eabi/lib/armv6-m\libm.a(lib_a-s_scalbn.o)
 .data          0x20000015        0x0 C:/Program Files (x86)/GNU Tools ARM Embedded/4.7 2013q2/arm-none-eabi/lib/armv6-m\libm.a(lib_a-s_copysign.o)
 .data          0x20000015        0x0 C:/Program Files (x86)/GNU Tools ARM Embedded/4.7 2013q2/lib/gcc/arm-none-eabi/4.7.4/armv6-m\libgcc.a(_udivsi3.o)
 .data          0x20000015        0x0 C:/Program Files (x86)/GNU Tools ARM Embedded/4.7 2013q2/lib/gcc/arm-none-eabi/4.7.4/armv6-m\libgcc.a(_divsi3.o)
 .data          0x20000015        0x0 C:/Program Files (x86)/GNU Tools ARM Embedded/4.7 2013q2/lib/gcc/arm-none-eabi/4.7.4/armv6-m\libgcc.a(_dvmd_tls.o)
 .data          0x20000015        0x0 C:/Program Files (x86)/GNU Tools ARM Embedded/4.7 2013q2/lib/gcc/arm-none-eabi/4.7.4/armv6-m\libgcc.a(_arm_cmpdf2.o)
 .data          0x20000015        0x0 C:/Program Files (x86)/GNU Tools ARM Embedded/4.7 2013q2/lib/gcc/arm-none-eabi/4.7.4/armv6-m\libgcc.a(_arm_cmpsf2.o)
 .data          0x20000015        0x0 C:/Program Files (x86)/GNU Tools ARM Embedded/4.7 2013q2/lib/gcc/arm-none-eabi/4.7.4/armv6-m\libgcc.a(_muldi3.o)
 .data          0x20000015        0x0 C:/Program Files (x86)/GNU Tools ARM Embedded/4.7 2013q2/lib/gcc/arm-none-eabi/4.7.4/armv6-m\libgcc.a(addsf3.o)
 .data          0x20000015        0x0 C:/Program Files (x86)/GNU Tools ARM Embedded/4.7 2013q2/lib/gcc/arm-none-eabi/4.7.4/armv6-m\libgcc.a(divsf3.o)
 .data          0x20000015        0x0 C:/Program Files (x86)/GNU Tools ARM Embedded/4.7 2013q2/lib/gcc/arm-none-eabi/4.7.4/armv6-m\libgcc.a(eqsf2.o)
 .data          0x20000015        0x0 C:/Program Files (x86)/GNU Tools ARM Embedded/4.7 2013q2/lib/gcc/arm-none-eabi/4.7.4/armv6-m\libgcc.a(gesf2.o)
 .data          0x20000015        0x0 C:/Program Files (x86)/GNU Tools ARM Embedded/4.7 2013q2/lib/gcc/arm-none-eabi/4.7.4/armv6-m\libgcc.a(lesf2.o)
 .data          0x20000015        0x0 C:/Program Files (x86)/GNU Tools ARM Embedded/4.7 2013q2/lib/gcc/arm-none-eabi/4.7.4/armv6-m\libgcc.a(mulsf3.o)
 .data          0x20000015        0x0 C:/Program Files (x86)/GNU Tools ARM Embedded/4.7 2013q2/lib/gcc/arm-none-eabi/4.7.4/armv6-m\libgcc.a(subsf3.o)
 .data          0x20000015        0x0 C:/Program Files (x86)/GNU Tools ARM Embedded/4.7 2013q2/lib/gcc/arm-none-eabi/4.7.4/armv6-m\libgcc.a(fixsfsi.o)
 .data          0x20000015        0x0 C:/Program Files (x86)/GNU Tools ARM Embedded/4.7 2013q2/lib/gcc/arm-none-eabi/4.7.4/armv6-m\libgcc.a(floatsisf.o)
 .data          0x20000015        0x0 C:/Program Files (x86)/GNU Tools ARM Embedded/4.7 2013q2/lib/gcc/arm-none-eabi/4.7.4/armv6-m\libgcc.a(adddf3.o)
 .data          0x20000015        0x0 C:/Program Files (x86)/GNU Tools ARM Embedded/4.7 2013q2/lib/gcc/arm-none-eabi/4.7.4/armv6-m\libgcc.a(divdf3.o)
 .data          0x20000015        0x0 C:/Program Files (x86)/GNU Tools ARM Embedded/4.7 2013q2/lib/gcc/arm-none-eabi/4.7.4/armv6-m\libgcc.a(eqdf2.o)
 .data          0x20000015        0x0 C:/Program Files (x86)/GNU Tools ARM Embedded/4.7 2013q2/lib/gcc/arm-none-eabi/4.7.4/armv6-m\libgcc.a(gedf2.o)
 .data          0x20000015        0x0 C:/Program Files (x86)/GNU Tools ARM Embedded/4.7 2013q2/lib/gcc/arm-none-eabi/4.7.4/armv6-m\libgcc.a(ledf2.o)
 .data          0x20000015        0x0 C:/Program Files (x86)/GNU Tools ARM Embedded/4.7 2013q2/lib/gcc/arm-none-eabi/4.7.4/armv6-m\libgcc.a(muldf3.o)
 .data          0x20000015        0x0 C:/Program Files (x86)/GNU Tools ARM Embedded/4.7 2013q2/lib/gcc/arm-none-eabi/4.7.4/armv6-m\libgcc.a(subdf3.o)
 .data          0x20000015        0x0 C:/Program Files (x86)/GNU Tools ARM Embedded/4.7 2013q2/lib/gcc/arm-none-eabi/4.7.4/armv6-m\libgcc.a(fixdfsi.o)
 .data          0x20000015        0x0 C:/Program Files (x86)/GNU Tools ARM Embedded/4.7 2013q2/lib/gcc/arm-none-eabi/4.7.4/armv6-m\libgcc.a(floatsidf.o)
 .data          0x20000015        0x0 C:/Program Files (x86)/GNU Tools ARM Embedded/4.7 2013q2/lib/gcc/arm-none-eabi/4.7.4/armv6-m\libgcc.a(extendsfdf2.o)
 .data          0x20000015        0x0 C:/Program Files (x86)/GNU Tools ARM Embedded/4.7 2013q2/lib/gcc/arm-none-eabi/4.7.4/armv6-m\libgcc.a(truncdfsf2.o)
 .data          0x20000015        0x0 C:/Program Files (x86)/GNU Tools ARM Embedded/4.7 2013q2/lib/gcc/arm-none-eabi/4.7.4/armv6-m\libgcc.a(_clzsi2.o)
 .data          0x20000015        0x0 C:/Program Files (x86)/GNU Tools ARM Embedded/4.7 2013q2/arm-none-eabi/lib/armv6-m\libc.a(lib_a-__atexit.o)
 .data          0x20000015        0x0 C:/Program Files (x86)/GNU Tools ARM Embedded/4.7 2013q2/arm-none-eabi/lib/armv6-m\libc.a(lib_a-errno.o)
 .data          0x20000015        0x0 C:/Program Files (x86)/GNU Tools ARM Embedded/4.7 2013q2/arm-none-eabi/lib/armv6-m\libc.a(lib_a-exit.o)
 .data          0x20000015        0x0 C:/Program Files (x86)/GNU Tools ARM Embedded/4.7 2013q2/arm-none-eabi/lib/armv6-m\libc.a(lib_a-fini.o)
 .data          0x20000015        0x0 C:/Program Files (x86)/GNU Tools ARM Embedded/4.7 2013q2/arm-none-eabi/lib/armv6-m\libc.a(lib_a-impure.o)
 *fill*         0x20000015        0x3 00
 .data.impure_data
                0x20000018      0x428 C:/Program Files (x86)/GNU Tools ARM Embedded/4.7 2013q2/arm-none-eabi/lib/armv6-m\libc.a(lib_a-impure.o)
 .data._impure_ptr
                0x20000440        0x4 C:/Program Files (x86)/GNU Tools ARM Embedded/4.7 2013q2/arm-none-eabi/lib/armv6-m\libc.a(lib_a-impure.o)
                0x20000440                _impure_ptr
 .data          0x20000444        0x0 C:/Program Files (x86)/GNU Tools ARM Embedded/4.7 2013q2/arm-none-eabi/lib/armv6-m\libc.a(lib_a-init.o)
 .data          0x20000444        0x0 C:/Program Files (x86)/GNU Tools ARM Embedded/4.7 2013q2/arm-none-eabi/lib/armv6-m\libc.a(lib_a-memcmp.o)
 .data          0x20000444        0x0 C:/Program Files (x86)/GNU Tools ARM Embedded/4.7 2013q2/arm-none-eabi/lib/armv6-m\libc.a(lib_a-memcpy.o)
 .data          0x20000444        0x0 C:/Program Files (x86)/GNU Tools ARM Embedded/4.7 2013q2/arm-none-eabi/lib/armv6-m\libc.a(lib_a-memset.o)
 .data          0x20000444        0x0 C:/Program Files (x86)/GNU Tools ARM Embedded/4.7 2013q2/arm-none-eabi/lib/armv6-m\libc.a(lib_a-strlen.o)
 .data          0x20000444        0x0 C:/Program Files (x86)/GNU Tools ARM Embedded/4.7 2013q2/arm-none-eabi/lib/armv6-m\libc.a(lib_a-__call_atexit.o)
 .data          0x20000444        0x0 C:/Program Files (x86)/GNU Tools ARM Embedded/4.7 2013q2/arm-none-eabi/lib/armv6-m\libc.a(lib_a-atexit.o)
 .data          0x20000444        0x0 c:/program files (x86)/gnu tools arm embedded/4.7 2013q2/bin/../lib/gcc/arm-none-eabi/4.7.4/armv6-m/crtend.o
 .data          0x20000444        0x0 c:/program files (x86)/gnu tools arm embedded/4.7 2013q2/bin/../lib/gcc/arm-none-eabi/4.7.4/armv6-m/crtn.o
 .data          0x20000444        0x0 C:/Program Files (x86)/GNU Tools ARM Embedded/4.7 2013q2/arm-none-eabi/lib/armv6-m\libnosys.a(_exit.o)
                0x20000444                . = ALIGN (0x4)
                0x20000444                PROVIDE (__preinit_array_start, .)
 *(.preinit_array)
                0x20000444                PROVIDE (__preinit_array_end, .)
                0x20000444                . = ALIGN (0x4)
                0x20000444                PROVIDE (__init_array_start, .)
 *(SORT(.init_array.*))
 .init_array.00000
                0x20000444        0x4 C:/Program Files (x86)/GNU Tools ARM Embedded/4.7 2013q2/arm-none-eabi/lib/armv6-m\libc.a(lib_a-__call_atexit.o)
 *(.init_array)
 .init_array    0x20000448        0x4 c:/program files (x86)/gnu tools arm embedded/4.7 2013q2/bin/../lib/gcc/arm-none-eabi/4.7.4/armv6-m/crtbegin.o
                0x2000044c                PROVIDE (__init_array_end, .)
                0x2000044c                . = ALIGN (0x4)
                0x2000044c                PROVIDE (__fini_array_start, .)
 *(SORT(.fini_array.*))
 *(.fini_array)
 .fini_array    0x2000044c        0x4 c:/program files (x86)/gnu tools arm embedded/4.7 2013q2/bin/../lib/gcc/arm-none-eabi/4.7.4/armv6-m/crtbegin.o
                0x20000450                PROVIDE (__fini_array_end, .)
 *(.jcr)
 .jcr           0x20000450        0x0 c:/program files (x86)/gnu tools arm embedded/4.7 2013q2/bin/../lib/gcc/arm-none-eabi/4.7.4/armv6-m/crtbegin.o
 .jcr           0x20000450        0x4 c:/program files (x86)/gnu tools arm embedded/4.7 2013q2/bin/../lib/gcc/arm-none-eabi/4.7.4/armv6-m/crtend.o
                0x20000454                . = ALIGN (0x4)
                0x20000454                __data_end__ = .

.igot.plt       0x20000454        0x0 load address 0x0000e1a0
 .igot.plt      0x00000000        0x0 c:/program files (x86)/gnu tools arm embedded/4.7 2013q2/bin/../lib/gcc/arm-none-eabi/4.7.4/armv6-m/crtbegin.o

.bss            0x20000454      0x25c load address 0x0000e1a0
                0x20000454                . = ALIGN (0x4)
                0x20000454                __bss_start__ = .
 *(.bss*)
 .bss           0x20000454        0x0 c:/program files (x86)/gnu tools arm embedded/4.7 2013q2/bin/../lib/gcc/arm-none-eabi/4.7.4/armv6-m/crti.o
 .bss           0x20000454       0x1c c:/program files (x86)/gnu tools arm embedded/4.7 2013q2/bin/../lib/gcc/arm-none-eabi/4.7.4/armv6-m/crtbegin.o
 .bss           0x20000470        0x0 c:/program files (x86)/gnu tools arm embedded/4.7 2013q2/bin/../lib/gcc/arm-none-eabi/4.7.4/../../../../arm-none-eabi/lib/armv6-m/crt0.o
 .bss           0x20000470        0xc _build/main_tx.o
 .bss           0x2000047c        0x0 _build/MPUQuaternion.o
 .bss           0x2000047c        0x0 _build/MPU9150Lib.o
 .bss           0x2000047c        0x0 _build/radio_config.o
 .bss           0x2000047c        0x0 _build/simple_uart.o
 .bss           0x2000047c        0x0 _build/twi_master.o
 .bss           0x2000047c        0x4 _build/inv_mpu_dmp_motion_driver.o
 .bss           0x20000480        0x4 _build/inv_mpu.o
 .bss           0x20000484        0x0 _build/MPU9150_I2Cdev.o
 .bss           0x20000484        0x0 _build/MPUVector3.o
 .bss           0x20000484        0x1 _build/RTC1_ms_timer.o
 .bss           0x20000485        0x0 _build/nrf_delay.o
 .bss           0x20000485        0x0 _build/system_nrf51.o
 .bss           0x20000485        0x0 _build/gcc_startup_nrf51.o
 .bss           0x20000485        0x0 C:/Program Files (x86)/GNU Tools ARM Embedded/4.7 2013q2/arm-none-eabi/lib/armv6-m\libm.a(lib_a-s_cos.o)
 .bss           0x20000485        0x0 C:/Program Files (x86)/GNU Tools ARM Embedded/4.7 2013q2/arm-none-eabi/lib/armv6-m\libm.a(lib_a-s_sin.o)
 .bss           0x20000485        0x0 C:/Program Files (x86)/GNU Tools ARM Embedded/4.7 2013q2/arm-none-eabi/lib/armv6-m\libm.a(lib_a-w_asin.o)
 .bss           0x20000485        0x0 C:/Program Files (x86)/GNU Tools ARM Embedded/4.7 2013q2/arm-none-eabi/lib/armv6-m\libm.a(lib_a-w_atan2.o)
 .bss           0x20000485        0x0 C:/Program Files (x86)/GNU Tools ARM Embedded/4.7 2013q2/arm-none-eabi/lib/armv6-m\libm.a(lib_a-w_sqrt.o)
 .bss           0x20000485        0x0 C:/Program Files (x86)/GNU Tools ARM Embedded/4.7 2013q2/arm-none-eabi/lib/armv6-m\libm.a(lib_a-e_asin.o)
 .bss           0x20000485        0x0 C:/Program Files (x86)/GNU Tools ARM Embedded/4.7 2013q2/arm-none-eabi/lib/armv6-m\libm.a(lib_a-e_atan2.o)
 .bss           0x20000485        0x0 C:/Program Files (x86)/GNU Tools ARM Embedded/4.7 2013q2/arm-none-eabi/lib/armv6-m\libm.a(lib_a-e_rem_pio2.o)
 .bss           0x20000485        0x0 C:/Program Files (x86)/GNU Tools ARM Embedded/4.7 2013q2/arm-none-eabi/lib/armv6-m\libm.a(lib_a-e_sqrt.o)
 .bss           0x20000485        0x0 C:/Program Files (x86)/GNU Tools ARM Embedded/4.7 2013q2/arm-none-eabi/lib/armv6-m\libm.a(lib_a-k_cos.o)
 .bss           0x20000485        0x0 C:/Program Files (x86)/GNU Tools ARM Embedded/4.7 2013q2/arm-none-eabi/lib/armv6-m\libm.a(lib_a-k_rem_pio2.o)
 .bss           0x20000485        0x0 C:/Program Files (x86)/GNU Tools ARM Embedded/4.7 2013q2/arm-none-eabi/lib/armv6-m\libm.a(lib_a-k_sin.o)
 .bss           0x20000485        0x0 C:/Program Files (x86)/GNU Tools ARM Embedded/4.7 2013q2/arm-none-eabi/lib/armv6-m\libm.a(lib_a-s_atan.o)
 .bss           0x20000485        0x0 C:/Program Files (x86)/GNU Tools ARM Embedded/4.7 2013q2/arm-none-eabi/lib/armv6-m\libm.a(lib_a-s_fabs.o)
 .bss           0x20000485        0x0 C:/Program Files (x86)/GNU Tools ARM Embedded/4.7 2013q2/arm-none-eabi/lib/armv6-m\libm.a(lib_a-s_floor.o)
 .bss           0x20000485        0x0 C:/Program Files (x86)/GNU Tools ARM Embedded/4.7 2013q2/arm-none-eabi/lib/armv6-m\libm.a(lib_a-s_fpclassify.o)
 .bss           0x20000485        0x0 C:/Program Files (x86)/GNU Tools ARM Embedded/4.7 2013q2/arm-none-eabi/lib/armv6-m\libm.a(lib_a-s_lib_ver.o)
 .bss           0x20000485        0x0 C:/Program Files (x86)/GNU Tools ARM Embedded/4.7 2013q2/arm-none-eabi/lib/armv6-m\libm.a(lib_a-s_matherr.o)
 .bss           0x20000485        0x0 C:/Program Files (x86)/GNU Tools ARM Embedded/4.7 2013q2/arm-none-eabi/lib/armv6-m\libm.a(lib_a-s_nan.o)
 .bss           0x20000485        0x0 C:/Program Files (x86)/GNU Tools ARM Embedded/4.7 2013q2/arm-none-eabi/lib/armv6-m\libm.a(lib_a-s_scalbn.o)
 .bss           0x20000485        0x0 C:/Program Files (x86)/GNU Tools ARM Embedded/4.7 2013q2/arm-none-eabi/lib/armv6-m\libm.a(lib_a-s_copysign.o)
 .bss           0x20000485        0x0 C:/Program Files (x86)/GNU Tools ARM Embedded/4.7 2013q2/lib/gcc/arm-none-eabi/4.7.4/armv6-m\libgcc.a(_udivsi3.o)
 .bss           0x20000485        0x0 C:/Program Files (x86)/GNU Tools ARM Embedded/4.7 2013q2/lib/gcc/arm-none-eabi/4.7.4/armv6-m\libgcc.a(_divsi3.o)
 .bss           0x20000485        0x0 C:/Program Files (x86)/GNU Tools ARM Embedded/4.7 2013q2/lib/gcc/arm-none-eabi/4.7.4/armv6-m\libgcc.a(_dvmd_tls.o)
 .bss           0x20000485        0x0 C:/Program Files (x86)/GNU Tools ARM Embedded/4.7 2013q2/lib/gcc/arm-none-eabi/4.7.4/armv6-m\libgcc.a(_arm_cmpdf2.o)
 .bss           0x20000485        0x0 C:/Program Files (x86)/GNU Tools ARM Embedded/4.7 2013q2/lib/gcc/arm-none-eabi/4.7.4/armv6-m\libgcc.a(_arm_cmpsf2.o)
 .bss           0x20000485        0x0 C:/Program Files (x86)/GNU Tools ARM Embedded/4.7 2013q2/lib/gcc/arm-none-eabi/4.7.4/armv6-m\libgcc.a(_muldi3.o)
 .bss           0x20000485        0x0 C:/Program Files (x86)/GNU Tools ARM Embedded/4.7 2013q2/lib/gcc/arm-none-eabi/4.7.4/armv6-m\libgcc.a(addsf3.o)
 .bss           0x20000485        0x0 C:/Program Files (x86)/GNU Tools ARM Embedded/4.7 2013q2/lib/gcc/arm-none-eabi/4.7.4/armv6-m\libgcc.a(divsf3.o)
 .bss           0x20000485        0x0 C:/Program Files (x86)/GNU Tools ARM Embedded/4.7 2013q2/lib/gcc/arm-none-eabi/4.7.4/armv6-m\libgcc.a(eqsf2.o)
 .bss           0x20000485        0x0 C:/Program Files (x86)/GNU Tools ARM Embedded/4.7 2013q2/lib/gcc/arm-none-eabi/4.7.4/armv6-m\libgcc.a(gesf2.o)
 .bss           0x20000485        0x0 C:/Program Files (x86)/GNU Tools ARM Embedded/4.7 2013q2/lib/gcc/arm-none-eabi/4.7.4/armv6-m\libgcc.a(lesf2.o)
 .bss           0x20000485        0x0 C:/Program Files (x86)/GNU Tools ARM Embedded/4.7 2013q2/lib/gcc/arm-none-eabi/4.7.4/armv6-m\libgcc.a(mulsf3.o)
 .bss           0x20000485        0x0 C:/Program Files (x86)/GNU Tools ARM Embedded/4.7 2013q2/lib/gcc/arm-none-eabi/4.7.4/armv6-m\libgcc.a(subsf3.o)
 .bss           0x20000485        0x0 C:/Program Files (x86)/GNU Tools ARM Embedded/4.7 2013q2/lib/gcc/arm-none-eabi/4.7.4/armv6-m\libgcc.a(fixsfsi.o)
 .bss           0x20000485        0x0 C:/Program Files (x86)/GNU Tools ARM Embedded/4.7 2013q2/lib/gcc/arm-none-eabi/4.7.4/armv6-m\libgcc.a(floatsisf.o)
 .bss           0x20000485        0x0 C:/Program Files (x86)/GNU Tools ARM Embedded/4.7 2013q2/lib/gcc/arm-none-eabi/4.7.4/armv6-m\libgcc.a(adddf3.o)
 .bss           0x20000485        0x0 C:/Program Files (x86)/GNU Tools ARM Embedded/4.7 2013q2/lib/gcc/arm-none-eabi/4.7.4/armv6-m\libgcc.a(divdf3.o)
 .bss           0x20000485        0x0 C:/Program Files (x86)/GNU Tools ARM Embedded/4.7 2013q2/lib/gcc/arm-none-eabi/4.7.4/armv6-m\libgcc.a(eqdf2.o)
 .bss           0x20000485        0x0 C:/Program Files (x86)/GNU Tools ARM Embedded/4.7 2013q2/lib/gcc/arm-none-eabi/4.7.4/armv6-m\libgcc.a(gedf2.o)
 .bss           0x20000485        0x0 C:/Program Files (x86)/GNU Tools ARM Embedded/4.7 2013q2/lib/gcc/arm-none-eabi/4.7.4/armv6-m\libgcc.a(ledf2.o)
 .bss           0x20000485        0x0 C:/Program Files (x86)/GNU Tools ARM Embedded/4.7 2013q2/lib/gcc/arm-none-eabi/4.7.4/armv6-m\libgcc.a(muldf3.o)
 .bss           0x20000485        0x0 C:/Program Files (x86)/GNU Tools ARM Embedded/4.7 2013q2/lib/gcc/arm-none-eabi/4.7.4/armv6-m\libgcc.a(subdf3.o)
 .bss           0x20000485        0x0 C:/Program Files (x86)/GNU Tools ARM Embedded/4.7 2013q2/lib/gcc/arm-none-eabi/4.7.4/armv6-m\libgcc.a(fixdfsi.o)
 .bss           0x20000485        0x0 C:/Program Files (x86)/GNU Tools ARM Embedded/4.7 2013q2/lib/gcc/arm-none-eabi/4.7.4/armv6-m\libgcc.a(floatsidf.o)
 .bss           0x20000485        0x0 C:/Program Files (x86)/GNU Tools ARM Embedded/4.7 2013q2/lib/gcc/arm-none-eabi/4.7.4/armv6-m\libgcc.a(extendsfdf2.o)
 .bss           0x20000485        0x0 C:/Program Files (x86)/GNU Tools ARM Embedded/4.7 2013q2/lib/gcc/arm-none-eabi/4.7.4/armv6-m\libgcc.a(truncdfsf2.o)
 .bss           0x20000485        0x0 C:/Program Files (x86)/GNU Tools ARM Embedded/4.7 2013q2/lib/gcc/arm-none-eabi/4.7.4/armv6-m\libgcc.a(_clzsi2.o)
 .bss           0x20000485        0x0 C:/Program Files (x86)/GNU Tools ARM Embedded/4.7 2013q2/arm-none-eabi/lib/armv6-m\libc.a(lib_a-__atexit.o)
 .bss           0x20000485        0x0 C:/Program Files (x86)/GNU Tools ARM Embedded/4.7 2013q2/arm-none-eabi/lib/armv6-m\libc.a(lib_a-errno.o)
 .bss           0x20000485        0x0 C:/Program Files (x86)/GNU Tools ARM Embedded/4.7 2013q2/arm-none-eabi/lib/armv6-m\libc.a(lib_a-exit.o)
 .bss           0x20000485        0x0 C:/Program Files (x86)/GNU Tools ARM Embedded/4.7 2013q2/arm-none-eabi/lib/armv6-m\libc.a(lib_a-fini.o)
 .bss           0x20000485        0x0 C:/Program Files (x86)/GNU Tools ARM Embedded/4.7 2013q2/arm-none-eabi/lib/armv6-m\libc.a(lib_a-impure.o)
 .bss           0x20000485        0x0 C:/Program Files (x86)/GNU Tools ARM Embedded/4.7 2013q2/arm-none-eabi/lib/armv6-m\libc.a(lib_a-init.o)
 .bss           0x20000485        0x0 C:/Program Files (x86)/GNU Tools ARM Embedded/4.7 2013q2/arm-none-eabi/lib/armv6-m\libc.a(lib_a-memcmp.o)
 .bss           0x20000485        0x0 C:/Program Files (x86)/GNU Tools ARM Embedded/4.7 2013q2/arm-none-eabi/lib/armv6-m\libc.a(lib_a-memcpy.o)
 .bss           0x20000485        0x0 C:/Program Files (x86)/GNU Tools ARM Embedded/4.7 2013q2/arm-none-eabi/lib/armv6-m\libc.a(lib_a-memset.o)
 .bss           0x20000485        0x0 C:/Program Files (x86)/GNU Tools ARM Embedded/4.7 2013q2/arm-none-eabi/lib/armv6-m\libc.a(lib_a-strlen.o)
 .bss           0x20000485        0x0 C:/Program Files (x86)/GNU Tools ARM Embedded/4.7 2013q2/arm-none-eabi/lib/armv6-m\libc.a(lib_a-__call_atexit.o)
 .bss           0x20000485        0x0 C:/Program Files (x86)/GNU Tools ARM Embedded/4.7 2013q2/arm-none-eabi/lib/armv6-m\libc.a(lib_a-atexit.o)
 .bss           0x20000485        0x0 c:/program files (x86)/gnu tools arm embedded/4.7 2013q2/bin/../lib/gcc/arm-none-eabi/4.7.4/armv6-m/crtend.o
 .bss           0x20000485        0x0 c:/program files (x86)/gnu tools arm embedded/4.7 2013q2/bin/../lib/gcc/arm-none-eabi/4.7.4/armv6-m/crtn.o
 .bss           0x20000485        0x0 C:/Program Files (x86)/GNU Tools ARM Embedded/4.7 2013q2/arm-none-eabi/lib/armv6-m\libnosys.a(_exit.o)
 *(COMMON)
 *fill*         0x20000485        0x3 00
 COMMON         0x20000488       0xb8 _build/main_tx.o
                0x20000488                m_rawQuaternion
                0x20000498                m_magYOffset
                0x2000049a                m_magYRange
                0x2000049c                m_dmpEulerPose
                0x200004a8                m_magMix
                0x200004ac                m_rawMag
                0x200004b4                m_calAccel
                0x200004bc                m_accelOffset
                0x200004c8                m_lastMagSample
                0x200004cc                m_magXRange
                0x200004d0                m_fusedQuaternion
                0x200004e0                m_rawAccel
                0x200004e6                m_useAccelCalibration
                0x200004e8                m_dmpQuaternion
                0x200004f8                m_accelYRange
                0x200004fc                m_calMag
                0x20000502                m_magXOffset
                0x20000504                m_fusedEulerPose
                0x20000510                m_lastYaw
                0x20000514                m_lastDMPYaw
                0x20000518                m_accelZRange
                0x2000051a                m_magZRange
                0x2000051c                m_useMagCalibration
                0x2000051e                m_magZOffset
                0x20000520                m_device
                0x20000524                q
                0x20000534                m_magInterval
                0x20000538                m_rawGyro
                0x2000053e                m_accelXRange
 COMMON         0x20000540       0x24 _build/inv_mpu_dmp_motion_driver.o
                0x20000540                dmp
                0x20000544                dmpArray
 COMMON         0x20000564      0x144 _build/inv_mpu.o
                0x20000564                reg
                0x20000568                hwArray
                0x20000584                gyroArray
                0x200005f4                test
                0x200005f8                regArray
                0x20000650                testArray
                0x200006a0                hw
                0x200006a4                st
 COMMON         0x200006a8        0x8 _build/RTC1_ms_timer.o
                0x200006a8                RTC1_Seconds
                0x200006ac                RTC1_Milliseconds
                0x200006b0                . = ALIGN (0x4)
                0x200006b0                __bss_end__ = .

.heap           0x200006b0      0x800
                0x200006b0                __end__ = .
                0x200006b0                end = __end__
 *(.heap*)
 .heap          0x200006b0      0x800 _build/gcc_startup_nrf51.o
                0x200006b0                __HeapBase
                0x20000eb0                __HeapLimit = .

.stack_dummy    0x200006b0      0x800
 *(.stack*)
 .stack         0x200006b0      0x800 _build/gcc_startup_nrf51.o
                0x20004000                __StackTop = (ORIGIN (RAM) + 0x4000)
                0x20003800                __StackLimit = (__StackTop - SIZEOF (.stack_dummy))
                0x20004000                PROVIDE (__stack, __StackTop)
                0x00000001                ASSERT ((__StackLimit >= __HeapLimit), region RAM overflowed with stack)
OUTPUT(_build/nRF_TxIMU_xxaa.out elf32-littlearm)

.ARM.attributes
                0x00000000       0x28
 .ARM.attributes
                0x00000000       0x1e c:/program files (x86)/gnu tools arm embedded/4.7 2013q2/bin/../lib/gcc/arm-none-eabi/4.7.4/armv6-m/crti.o
 .ARM.attributes
                0x0000001e       0x2c c:/program files (x86)/gnu tools arm embedded/4.7 2013q2/bin/../lib/gcc/arm-none-eabi/4.7.4/armv6-m/crtbegin.o
 .ARM.attributes
                0x0000004a       0x1c c:/program files (x86)/gnu tools arm embedded/4.7 2013q2/bin/../lib/gcc/arm-none-eabi/4.7.4/../../../../arm-none-eabi/lib/armv6-m/crt0.o
 .ARM.attributes
                0x00000066       0x31 _build/main_tx.o
 .ARM.attributes
                0x00000097       0x31 _build/MPUQuaternion.o
 .ARM.attributes
                0x000000c8       0x31 _build/MPU9150Lib.o
 .ARM.attributes
                0x000000f9       0x31 _build/radio_config.o
 .ARM.attributes
                0x0000012a       0x31 _build/simple_uart.o
 .ARM.attributes
                0x0000015b       0x31 _build/twi_master.o
 .ARM.attributes
                0x0000018c       0x31 _build/inv_mpu_dmp_motion_driver.o
 .ARM.attributes
                0x000001bd       0x31 _build/inv_mpu.o
 .ARM.attributes
                0x000001ee       0x31 _build/MPU9150_I2Cdev.o
 .ARM.attributes
                0x0000021f       0x31 _build/MPUVector3.o
 .ARM.attributes
                0x00000250       0x31 _build/RTC1_ms_timer.o
 .ARM.attributes
                0x00000281       0x31 _build/nrf_delay.o
 .ARM.attributes
                0x000002b2       0x31 _build/system_nrf51.o
 .ARM.attributes
                0x000002e3       0x1b _build/gcc_startup_nrf51.o
 .ARM.attributes
                0x000002fe       0x2c C:/Program Files (x86)/GNU Tools ARM Embedded/4.7 2013q2/arm-none-eabi/lib/armv6-m\libm.a(lib_a-s_cos.o)
 .ARM.attributes
                0x0000032a       0x2c C:/Program Files (x86)/GNU Tools ARM Embedded/4.7 2013q2/arm-none-eabi/lib/armv6-m\libm.a(lib_a-s_sin.o)
 .ARM.attributes
                0x00000356       0x2c C:/Program Files (x86)/GNU Tools ARM Embedded/4.7 2013q2/arm-none-eabi/lib/armv6-m\libm.a(lib_a-w_asin.o)
 .ARM.attributes
                0x00000382       0x2c C:/Program Files (x86)/GNU Tools ARM Embedded/4.7 2013q2/arm-none-eabi/lib/armv6-m\libm.a(lib_a-w_atan2.o)
 .ARM.attributes
                0x000003ae       0x2c C:/Program Files (x86)/GNU Tools ARM Embedded/4.7 2013q2/arm-none-eabi/lib/armv6-m\libm.a(lib_a-w_sqrt.o)
 .ARM.attributes
                0x000003da       0x2c C:/Program Files (x86)/GNU Tools ARM Embedded/4.7 2013q2/arm-none-eabi/lib/armv6-m\libm.a(lib_a-e_asin.o)
 .ARM.attributes
                0x00000406       0x2c C:/Program Files (x86)/GNU Tools ARM Embedded/4.7 2013q2/arm-none-eabi/lib/armv6-m\libm.a(lib_a-e_atan2.o)
 .ARM.attributes
                0x00000432       0x2c C:/Program Files (x86)/GNU Tools ARM Embedded/4.7 2013q2/arm-none-eabi/lib/armv6-m\libm.a(lib_a-e_rem_pio2.o)
 .ARM.attributes
                0x0000045e       0x2c C:/Program Files (x86)/GNU Tools ARM Embedded/4.7 2013q2/arm-none-eabi/lib/armv6-m\libm.a(lib_a-e_sqrt.o)
 .ARM.attributes
                0x0000048a       0x2c C:/Program Files (x86)/GNU Tools ARM Embedded/4.7 2013q2/arm-none-eabi/lib/armv6-m\libm.a(lib_a-k_cos.o)
 .ARM.attributes
                0x000004b6       0x2c C:/Program Files (x86)/GNU Tools ARM Embedded/4.7 2013q2/arm-none-eabi/lib/armv6-m\libm.a(lib_a-k_rem_pio2.o)
 .ARM.attributes
                0x000004e2       0x2c C:/Program Files (x86)/GNU Tools ARM Embedded/4.7 2013q2/arm-none-eabi/lib/armv6-m\libm.a(lib_a-k_sin.o)
 .ARM.attributes
                0x0000050e       0x2c C:/Program Files (x86)/GNU Tools ARM Embedded/4.7 2013q2/arm-none-eabi/lib/armv6-m\libm.a(lib_a-s_atan.o)
 .ARM.attributes
                0x0000053a       0x2c C:/Program Files (x86)/GNU Tools ARM Embedded/4.7 2013q2/arm-none-eabi/lib/armv6-m\libm.a(lib_a-s_fabs.o)
 .ARM.attributes
                0x00000566       0x2c C:/Program Files (x86)/GNU Tools ARM Embedded/4.7 2013q2/arm-none-eabi/lib/armv6-m\libm.a(lib_a-s_floor.o)
 .ARM.attributes
                0x00000592       0x2c C:/Program Files (x86)/GNU Tools ARM Embedded/4.7 2013q2/arm-none-eabi/lib/armv6-m\libm.a(lib_a-s_fpclassify.o)
 .ARM.attributes
                0x000005be       0x2c C:/Program Files (x86)/GNU Tools ARM Embedded/4.7 2013q2/arm-none-eabi/lib/armv6-m\libm.a(lib_a-s_lib_ver.o)
 .ARM.attributes
                0x000005ea       0x2c C:/Program Files (x86)/GNU Tools ARM Embedded/4.7 2013q2/arm-none-eabi/lib/armv6-m\libm.a(lib_a-s_matherr.o)
 .ARM.attributes
                0x00000616       0x2c C:/Program Files (x86)/GNU Tools ARM Embedded/4.7 2013q2/arm-none-eabi/lib/armv6-m\libm.a(lib_a-s_nan.o)
 .ARM.attributes
                0x00000642       0x2c C:/Program Files (x86)/GNU Tools ARM Embedded/4.7 2013q2/arm-none-eabi/lib/armv6-m\libm.a(lib_a-s_scalbn.o)
 .ARM.attributes
                0x0000066e       0x2c C:/Program Files (x86)/GNU Tools ARM Embedded/4.7 2013q2/arm-none-eabi/lib/armv6-m\libm.a(lib_a-s_copysign.o)
 .ARM.attributes
                0x0000069a       0x1e C:/Program Files (x86)/GNU Tools ARM Embedded/4.7 2013q2/lib/gcc/arm-none-eabi/4.7.4/armv6-m\libgcc.a(_udivsi3.o)
 .ARM.attributes
                0x000006b8       0x1e C:/Program Files (x86)/GNU Tools ARM Embedded/4.7 2013q2/lib/gcc/arm-none-eabi/4.7.4/armv6-m\libgcc.a(_divsi3.o)
 .ARM.attributes
                0x000006d6       0x1e C:/Program Files (x86)/GNU Tools ARM Embedded/4.7 2013q2/lib/gcc/arm-none-eabi/4.7.4/armv6-m\libgcc.a(_dvmd_tls.o)
 .ARM.attributes
                0x000006f4       0x1e C:/Program Files (x86)/GNU Tools ARM Embedded/4.7 2013q2/lib/gcc/arm-none-eabi/4.7.4/armv6-m\libgcc.a(_arm_cmpdf2.o)
 .ARM.attributes
                0x00000712       0x1e C:/Program Files (x86)/GNU Tools ARM Embedded/4.7 2013q2/lib/gcc/arm-none-eabi/4.7.4/armv6-m\libgcc.a(_arm_cmpsf2.o)
 .ARM.attributes
                0x00000730       0x2c C:/Program Files (x86)/GNU Tools ARM Embedded/4.7 2013q2/lib/gcc/arm-none-eabi/4.7.4/armv6-m\libgcc.a(_muldi3.o)
 .ARM.attributes
                0x0000075c       0x2c C:/Program Files (x86)/GNU Tools ARM Embedded/4.7 2013q2/lib/gcc/arm-none-eabi/4.7.4/armv6-m\libgcc.a(addsf3.o)
 .ARM.attributes
                0x00000788       0x2c C:/Program Files (x86)/GNU Tools ARM Embedded/4.7 2013q2/lib/gcc/arm-none-eabi/4.7.4/armv6-m\libgcc.a(divsf3.o)
 .ARM.attributes
                0x000007b4       0x2c C:/Program Files (x86)/GNU Tools ARM Embedded/4.7 2013q2/lib/gcc/arm-none-eabi/4.7.4/armv6-m\libgcc.a(eqsf2.o)
 .ARM.attributes
                0x000007e0       0x2c C:/Program Files (x86)/GNU Tools ARM Embedded/4.7 2013q2/lib/gcc/arm-none-eabi/4.7.4/armv6-m\libgcc.a(gesf2.o)
 .ARM.attributes
                0x0000080c       0x2c C:/Program Files (x86)/GNU Tools ARM Embedded/4.7 2013q2/lib/gcc/arm-none-eabi/4.7.4/armv6-m\libgcc.a(lesf2.o)
 .ARM.attributes
                0x00000838       0x2c C:/Program Files (x86)/GNU Tools ARM Embedded/4.7 2013q2/lib/gcc/arm-none-eabi/4.7.4/armv6-m\libgcc.a(mulsf3.o)
 .ARM.attributes
                0x00000864       0x2c C:/Program Files (x86)/GNU Tools ARM Embedded/4.7 2013q2/lib/gcc/arm-none-eabi/4.7.4/armv6-m\libgcc.a(subsf3.o)
 .ARM.attributes
                0x00000890       0x2c C:/Program Files (x86)/GNU Tools ARM Embedded/4.7 2013q2/lib/gcc/arm-none-eabi/4.7.4/armv6-m\libgcc.a(fixsfsi.o)
 .ARM.attributes
                0x000008bc       0x2c C:/Program Files (x86)/GNU Tools ARM Embedded/4.7 2013q2/lib/gcc/arm-none-eabi/4.7.4/armv6-m\libgcc.a(floatsisf.o)
 .ARM.attributes
                0x000008e8       0x2c C:/Program Files (x86)/GNU Tools ARM Embedded/4.7 2013q2/lib/gcc/arm-none-eabi/4.7.4/armv6-m\libgcc.a(adddf3.o)
 .ARM.attributes
                0x00000914       0x2c C:/Program Files (x86)/GNU Tools ARM Embedded/4.7 2013q2/lib/gcc/arm-none-eabi/4.7.4/armv6-m\libgcc.a(divdf3.o)
 .ARM.attributes
                0x00000940       0x2c C:/Program Files (x86)/GNU Tools ARM Embedded/4.7 2013q2/lib/gcc/arm-none-eabi/4.7.4/armv6-m\libgcc.a(eqdf2.o)
 .ARM.attributes
                0x0000096c       0x2c C:/Program Files (x86)/GNU Tools ARM Embedded/4.7 2013q2/lib/gcc/arm-none-eabi/4.7.4/armv6-m\libgcc.a(gedf2.o)
 .ARM.attributes
                0x00000998       0x2c C:/Program Files (x86)/GNU Tools ARM Embedded/4.7 2013q2/lib/gcc/arm-none-eabi/4.7.4/armv6-m\libgcc.a(ledf2.o)
 .ARM.attributes
                0x000009c4       0x2c C:/Program Files (x86)/GNU Tools ARM Embedded/4.7 2013q2/lib/gcc/arm-none-eabi/4.7.4/armv6-m\libgcc.a(muldf3.o)
 .ARM.attributes
                0x000009f0       0x2c C:/Program Files (x86)/GNU Tools ARM Embedded/4.7 2013q2/lib/gcc/arm-none-eabi/4.7.4/armv6-m\libgcc.a(subdf3.o)
 .ARM.attributes
                0x00000a1c       0x2c C:/Program Files (x86)/GNU Tools ARM Embedded/4.7 2013q2/lib/gcc/arm-none-eabi/4.7.4/armv6-m\libgcc.a(fixdfsi.o)
 .ARM.attributes
                0x00000a48       0x2c C:/Program Files (x86)/GNU Tools ARM Embedded/4.7 2013q2/lib/gcc/arm-none-eabi/4.7.4/armv6-m\libgcc.a(floatsidf.o)
 .ARM.attributes
                0x00000a74       0x2c C:/Program Files (x86)/GNU Tools ARM Embedded/4.7 2013q2/lib/gcc/arm-none-eabi/4.7.4/armv6-m\libgcc.a(extendsfdf2.o)
 .ARM.attributes
                0x00000aa0       0x2c C:/Program Files (x86)/GNU Tools ARM Embedded/4.7 2013q2/lib/gcc/arm-none-eabi/4.7.4/armv6-m\libgcc.a(truncdfsf2.o)
 .ARM.attributes
                0x00000acc       0x1e C:/Program Files (x86)/GNU Tools ARM Embedded/4.7 2013q2/lib/gcc/arm-none-eabi/4.7.4/armv6-m\libgcc.a(_clzsi2.o)
 .ARM.attributes
                0x00000aea       0x2c C:/Program Files (x86)/GNU Tools ARM Embedded/4.7 2013q2/arm-none-eabi/lib/armv6-m\libc.a(lib_a-__atexit.o)
 .ARM.attributes
                0x00000b16       0x2c C:/Program Files (x86)/GNU Tools ARM Embedded/4.7 2013q2/arm-none-eabi/lib/armv6-m\libc.a(lib_a-errno.o)
 .ARM.attributes
                0x00000b42       0x2c C:/Program Files (x86)/GNU Tools ARM Embedded/4.7 2013q2/arm-none-eabi/lib/armv6-m\libc.a(lib_a-exit.o)
 .ARM.attributes
                0x00000b6e       0x2c C:/Program Files (x86)/GNU Tools ARM Embedded/4.7 2013q2/arm-none-eabi/lib/armv6-m\libc.a(lib_a-fini.o)
 .ARM.attributes
                0x00000b9a       0x2c C:/Program Files (x86)/GNU Tools ARM Embedded/4.7 2013q2/arm-none-eabi/lib/armv6-m\libc.a(lib_a-impure.o)
 .ARM.attributes
                0x00000bc6       0x2c C:/Program Files (x86)/GNU Tools ARM Embedded/4.7 2013q2/arm-none-eabi/lib/armv6-m\libc.a(lib_a-init.o)
 .ARM.attributes
                0x00000bf2       0x2c C:/Program Files (x86)/GNU Tools ARM Embedded/4.7 2013q2/arm-none-eabi/lib/armv6-m\libc.a(lib_a-memcmp.o)
 .ARM.attributes
                0x00000c1e       0x2c C:/Program Files (x86)/GNU Tools ARM Embedded/4.7 2013q2/arm-none-eabi/lib/armv6-m\libc.a(lib_a-memcpy.o)
 .ARM.attributes
                0x00000c4a       0x2c C:/Program Files (x86)/GNU Tools ARM Embedded/4.7 2013q2/arm-none-eabi/lib/armv6-m\libc.a(lib_a-memset.o)
 .ARM.attributes
                0x00000c76       0x2c C:/Program Files (x86)/GNU Tools ARM Embedded/4.7 2013q2/arm-none-eabi/lib/armv6-m\libc.a(lib_a-strlen.o)
 .ARM.attributes
                0x00000ca2       0x2c C:/Program Files (x86)/GNU Tools ARM Embedded/4.7 2013q2/arm-none-eabi/lib/armv6-m\libc.a(lib_a-__call_atexit.o)
 .ARM.attributes
                0x00000cce       0x2c C:/Program Files (x86)/GNU Tools ARM Embedded/4.7 2013q2/arm-none-eabi/lib/armv6-m\libc.a(lib_a-atexit.o)
 .ARM.attributes
                0x00000cfa       0x2c c:/program files (x86)/gnu tools arm embedded/4.7 2013q2/bin/../lib/gcc/arm-none-eabi/4.7.4/armv6-m/crtend.o
 .ARM.attributes
                0x00000d26       0x1e c:/program files (x86)/gnu tools arm embedded/4.7 2013q2/bin/../lib/gcc/arm-none-eabi/4.7.4/armv6-m/crtn.o
 .ARM.attributes
                0x00000d44       0x2c C:/Program Files (x86)/GNU Tools ARM Embedded/4.7 2013q2/arm-none-eabi/lib/armv6-m\libnosys.a(_exit.o)

.comment        0x00000000       0x70
 .comment       0x00000000       0x70 _build/main_tx.o
                                 0x71 (size before relaxing)
 .comment       0x00000000       0x71 _build/MPUQuaternion.o
 .comment       0x00000000       0x71 _build/MPU9150Lib.o
 .comment       0x00000000       0x71 _build/radio_config.o
 .comment       0x00000000       0x71 _build/simple_uart.o
 .comment       0x00000000       0x71 _build/twi_master.o
 .comment       0x00000000       0x71 _build/inv_mpu_dmp_motion_driver.o
 .comment       0x00000000       0x71 _build/inv_mpu.o
 .comment       0x00000000       0x71 _build/MPU9150_I2Cdev.o
 .comment       0x00000000       0x71 _build/MPUVector3.o
 .comment       0x00000000       0x71 _build/RTC1_ms_timer.o
 .comment       0x00000000       0x71 _build/nrf_delay.o
 .comment       0x00000000       0x71 _build/system_nrf51.o

.debug_info     0x00000000     0x5b39
 .debug_info    0x00000000      0xa30 _build/main_tx.o
 .debug_info    0x00000a30      0x28f _build/MPUQuaternion.o
 .debug_info    0x00000cbf      0x6e4 _build/MPU9150Lib.o
 .debug_info    0x000013a3      0x5ee _build/radio_config.o
 .debug_info    0x00001991      0x99a _build/simple_uart.o
 .debug_info    0x0000232b      0x874 _build/twi_master.o
 .debug_info    0x00002b9f      0x975 _build/inv_mpu_dmp_motion_driver.o
 .debug_info    0x00003514     0x1785 _build/inv_mpu.o
 .debug_info    0x00004c99      0x200 _build/MPU9150_I2Cdev.o
 .debug_info    0x00004e99      0x113 _build/MPUVector3.o
 .debug_info    0x00004fac      0x807 _build/RTC1_ms_timer.o
 .debug_info    0x000057b3       0xdb _build/nrf_delay.o
 .debug_info    0x0000588e      0x1e8 _build/system_nrf51.o
 .debug_info    0x00005a76       0xc3 _build/gcc_startup_nrf51.o

.debug_abbrev   0x00000000      0xf54
 .debug_abbrev  0x00000000      0x13b _build/main_tx.o
 .debug_abbrev  0x0000013b       0xf1 _build/MPUQuaternion.o
 .debug_abbrev  0x0000022c      0x1ee _build/MPU9150Lib.o
 .debug_abbrev  0x0000041a       0xb3 _build/radio_config.o
 .debug_abbrev  0x000004cd      0x1b5 _build/simple_uart.o
 .debug_abbrev  0x00000682      0x176 _build/twi_master.o
 .debug_abbrev  0x000007f8      0x16f _build/inv_mpu_dmp_motion_driver.o
 .debug_abbrev  0x00000967      0x1b4 _build/inv_mpu.o
 .debug_abbrev  0x00000b1b       0xc6 _build/MPU9150_I2Cdev.o
 .debug_abbrev  0x00000be1       0x77 _build/MPUVector3.o
 .debug_abbrev  0x00000c58      0x190 _build/RTC1_ms_timer.o
 .debug_abbrev  0x00000de8       0x80 _build/nrf_delay.o
 .debug_abbrev  0x00000e68       0xd8 _build/system_nrf51.o
 .debug_abbrev  0x00000f40       0x14 _build/gcc_startup_nrf51.o

.debug_loc      0x00000000     0x19f0
 .debug_loc     0x00000000      0x100 _build/main_tx.o
 .debug_loc     0x00000100      0x15e _build/MPUQuaternion.o
 .debug_loc     0x0000025e      0x332 _build/MPU9150Lib.o
 .debug_loc     0x00000590       0x2c _build/radio_config.o
 .debug_loc     0x000005bc      0x33c _build/simple_uart.o
 .debug_loc     0x000008f8      0x144 _build/twi_master.o
 .debug_loc     0x00000a3c      0x336 _build/inv_mpu_dmp_motion_driver.o
 .debug_loc     0x00000d72      0x95c _build/inv_mpu.o
 .debug_loc     0x000016ce       0x72 _build/MPU9150_I2Cdev.o
 .debug_loc     0x00001740       0x70 _build/MPUVector3.o
 .debug_loc     0x000017b0      0x120 _build/RTC1_ms_timer.o
 .debug_loc     0x000018d0       0x70 _build/nrf_delay.o
 .debug_loc     0x00001940       0xb0 _build/system_nrf51.o

.debug_aranges  0x00000000      0x1c0
 .debug_aranges
                0x00000000       0x20 _build/main_tx.o
 .debug_aranges
                0x00000020       0x20 _build/MPUQuaternion.o
 .debug_aranges
                0x00000040       0x20 _build/MPU9150Lib.o
 .debug_aranges
                0x00000060       0x20 _build/radio_config.o
 .debug_aranges
                0x00000080       0x20 _build/simple_uart.o
 .debug_aranges
                0x000000a0       0x20 _build/twi_master.o
 .debug_aranges
                0x000000c0       0x20 _build/inv_mpu_dmp_motion_driver.o
 .debug_aranges
                0x000000e0       0x20 _build/inv_mpu.o
 .debug_aranges
                0x00000100       0x20 _build/MPU9150_I2Cdev.o
 .debug_aranges
                0x00000120       0x20 _build/MPUVector3.o
 .debug_aranges
                0x00000140       0x20 _build/RTC1_ms_timer.o
 .debug_aranges
                0x00000160       0x20 _build/nrf_delay.o
 .debug_aranges
                0x00000180       0x20 _build/system_nrf51.o
 .debug_aranges
                0x000001a0       0x20 _build/gcc_startup_nrf51.o

.debug_macro    0x00000000     0xc5c8
 .debug_macro   0x00000000      0x26c _build/main_tx.o
 .debug_macro   0x0000026c      0x7fc _build/main_tx.o
 .debug_macro   0x00000a68       0x3a _build/main_tx.o
 .debug_macro   0x00000aa2       0x10 _build/main_tx.o
 .debug_macro   0x00000ab2       0x2e _build/main_tx.o
 .debug_macro   0x00000ae0       0xa3 _build/main_tx.o
 .debug_macro   0x00000b83      0x20e _build/main_tx.o
 .debug_macro   0x00000d91       0x22 _build/main_tx.o
 .debug_macro   0x00000db3       0x10 _build/main_tx.o
 .debug_macro   0x00000dc3      0x100 _build/main_tx.o
 .debug_macro   0x00000ec3       0x3a _build/main_tx.o
 .debug_macro   0x00000efd       0x52 _build/main_tx.o
 .debug_macro   0x00000f4f       0x19 _build/main_tx.o
 .debug_macro   0x00000f68      0x16d _build/main_tx.o
 .debug_macro   0x000010d5       0x16 _build/main_tx.o
 .debug_macro   0x000010eb       0x29 _build/main_tx.o
 .debug_macro   0x00001114       0x16 _build/main_tx.o
 .debug_macro   0x0000112a       0x12 _build/main_tx.o
 .debug_macro   0x0000113c       0x10 _build/main_tx.o
 .debug_macro   0x0000114c       0x10 _build/main_tx.o
 .debug_macro   0x0000115c       0x85 _build/main_tx.o
 .debug_macro   0x000011e1       0x22 _build/main_tx.o
 .debug_macro   0x00001203       0x91 _build/main_tx.o
 .debug_macro   0x00001294       0x16 _build/main_tx.o
 .debug_macro   0x000012aa      0x16d _build/main_tx.o
 .debug_macro   0x00001417       0x58 _build/main_tx.o
 .debug_macro   0x0000146f       0x22 _build/main_tx.o
 .debug_macro   0x00001491       0x3a _build/main_tx.o
 .debug_macro   0x000014cb       0x1f _build/main_tx.o
 .debug_macro   0x000014ea      0x242 _build/main_tx.o
 .debug_macro   0x0000172c      0x1e0 _build/main_tx.o
 .debug_macro   0x0000190c     0x70cc _build/main_tx.o
 .debug_macro   0x000089d8      0x855 _build/main_tx.o
 .debug_macro   0x0000922d       0x10 _build/main_tx.o
 .debug_macro   0x0000923d       0x1c _build/main_tx.o
 .debug_macro   0x00009259       0x10 _build/main_tx.o
 .debug_macro   0x00009269       0x35 _build/main_tx.o
 .debug_macro   0x0000929e       0x1c _build/main_tx.o
 .debug_macro   0x000092ba       0x64 _build/main_tx.o
 .debug_macro   0x0000931e       0x16 _build/main_tx.o
 .debug_macro   0x00009334      0x1da _build/main_tx.o
 .debug_macro   0x0000950e       0x22 _build/main_tx.o
 .debug_macro   0x00009530       0x1c _build/main_tx.o
 .debug_macro   0x0000954c       0x16 _build/main_tx.o
 .debug_macro   0x00009562       0xc4 _build/MPUQuaternion.o
 .debug_macro   0x00009626      0x196 _build/MPU9150Lib.o
 .debug_macro   0x000097bc      0x16c _build/MPU9150Lib.o
 .debug_macro   0x00009928       0x43 _build/MPU9150Lib.o
 .debug_macro   0x0000996b       0x16 _build/MPU9150Lib.o
 .debug_macro   0x00009981       0x23 _build/MPU9150Lib.o
 .debug_macro   0x000099a4       0x52 _build/MPU9150Lib.o
 .debug_macro   0x000099f6       0x8e _build/MPU9150Lib.o
 .debug_macro   0x00009a84       0xa6 _build/MPU9150Lib.o
 .debug_macro   0x00009b2a      0x10c _build/radio_config.o
 .debug_macro   0x00009c36      0x1b5 _build/simple_uart.o
 .debug_macro   0x00009deb       0x89 _build/simple_uart.o
 .debug_macro   0x00009e74       0x22 _build/simple_uart.o
 .debug_macro   0x00009e96       0xf5 _build/simple_uart.o
 .debug_macro   0x00009f8b      0x183 _build/twi_master.o
 .debug_macro   0x0000a10e      0x6d3 _build/inv_mpu_dmp_motion_driver.o
 .debug_macro   0x0000a7e1       0x10 _build/inv_mpu_dmp_motion_driver.o
 .debug_macro   0x0000a7f1      0x214 _build/inv_mpu_dmp_motion_driver.o
 .debug_macro   0x0000aa05       0x28 _build/inv_mpu_dmp_motion_driver.o
 .debug_macro   0x0000aa2d      0xb8a _build/inv_mpu_dmp_motion_driver.o
 .debug_macro   0x0000b5b7      0x659 _build/inv_mpu_dmp_motion_driver.o
 .debug_macro   0x0000bc10      0x42d _build/inv_mpu.o
 .debug_macro   0x0000c03d      0x109 _build/MPU9150_I2Cdev.o
 .debug_macro   0x0000c146       0xb5 _build/MPUVector3.o
 .debug_macro   0x0000c1fb      0x15b _build/RTC1_ms_timer.o
 .debug_macro   0x0000c356      0x176 _build/nrf_delay.o
 .debug_macro   0x0000c4cc       0x1c _build/nrf_delay.o
 .debug_macro   0x0000c4e8       0xe0 _build/system_nrf51.o

.debug_line     0x00000000     0x3e46
 .debug_line    0x00000000      0x577 _build/main_tx.o
 .debug_line    0x00000577      0x33f _build/MPUQuaternion.o
 .debug_line    0x000008b6      0x4d7 _build/MPU9150Lib.o
 .debug_line    0x00000d8d      0x385 _build/radio_config.o
 .debug_line    0x00001112      0x53d _build/simple_uart.o
 .debug_line    0x0000164f      0x4e4 _build/twi_master.o
 .debug_line    0x00001b33      0x684 _build/inv_mpu_dmp_motion_driver.o
 .debug_line    0x000021b7      0x9e8 _build/inv_mpu.o
 .debug_line    0x00002b9f      0x36c _build/MPU9150_I2Cdev.o
 .debug_line    0x00002f0b      0x2dc _build/MPUVector3.o
 .debug_line    0x000031e7      0x40b _build/RTC1_ms_timer.o
 .debug_line    0x000035f2      0x40f _build/nrf_delay.o
 .debug_line    0x00003a01      0x3b5 _build/system_nrf51.o
 .debug_line    0x00003db6       0x90 _build/gcc_startup_nrf51.o

.debug_str      0x00000000    0x36e84
 .debug_str     0x00000000    0x3003e _build/main_tx.o
                              0x30aee (size before relaxing)
 .debug_str     0x0003003e       0xe9 _build/MPUQuaternion.o
                               0x484e (size before relaxing)
 .debug_str     0x00030127      0x6e0 _build/MPU9150Lib.o
                               0x605e (size before relaxing)
 .debug_str     0x00030807       0xc4 _build/radio_config.o
                              0x2d3ff (size before relaxing)
 .debug_str     0x000308cb      0x2fe _build/simple_uart.o
                              0x2f877 (size before relaxing)
 .debug_str     0x00030bc9      0x1d7 _build/twi_master.o
                              0x2f12b (size before relaxing)
 .debug_str     0x00030da0     0x4bdd _build/inv_mpu_dmp_motion_driver.o
                              0x356c3 (size before relaxing)
 .debug_str     0x0003597d      0xf3e _build/inv_mpu.o
                              0x3187d (size before relaxing)
 .debug_str     0x000368bb       0x74 _build/MPU9150_I2Cdev.o
                               0x562a (size before relaxing)
 .debug_str     0x0003692f       0x3c _build/MPUVector3.o
                               0x4764 (size before relaxing)
 .debug_str     0x0003696b      0x3d5 _build/RTC1_ms_timer.o
                              0x2ee0c (size before relaxing)
 .debug_str     0x00036d40       0x44 _build/nrf_delay.o
                              0x2f404 (size before relaxing)
 .debug_str     0x00036d84      0x100 _build/system_nrf51.o
                              0x2d18f (size before relaxing)

.debug_frame    0x00000000     0x1a68
 .debug_frame   0x00000000       0xa8 _build/main_tx.o
 .debug_frame   0x000000a8       0xe0 _build/MPUQuaternion.o
 .debug_frame   0x00000188      0x1ec _build/MPU9150Lib.o
 .debug_frame   0x00000374       0x2c _build/radio_config.o
 .debug_frame   0x000003a0      0x1ec _build/simple_uart.o
 .debug_frame   0x0000058c       0xcc _build/twi_master.o
 .debug_frame   0x00000658      0x1f0 _build/inv_mpu_dmp_motion_driver.o
 .debug_frame   0x00000848      0x56c _build/inv_mpu.o
 .debug_frame   0x00000db4       0x54 _build/MPU9150_I2Cdev.o
 .debug_frame   0x00000e08       0x54 _build/MPUVector3.o
 .debug_frame   0x00000e5c       0xc0 _build/RTC1_ms_timer.o
 .debug_frame   0x00000f1c       0x50 _build/nrf_delay.o
 .debug_frame   0x00000f6c       0x80 _build/system_nrf51.o
 .debug_frame   0x00000fec       0x2c C:/Program Files (x86)/GNU Tools ARM Embedded/4.7 2013q2/arm-none-eabi/lib/armv6-m\libm.a(lib_a-s_cos.o)
 .debug_frame   0x00001018       0x2c C:/Program Files (x86)/GNU Tools ARM Embedded/4.7 2013q2/arm-none-eabi/lib/armv6-m\libm.a(lib_a-s_sin.o)
 .debug_frame   0x00001044       0x38 C:/Program Files (x86)/GNU Tools ARM Embedded/4.7 2013q2/arm-none-eabi/lib/armv6-m\libm.a(lib_a-w_asin.o)
 .debug_frame   0x0000107c       0x28 C:/Program Files (x86)/GNU Tools ARM Embedded/4.7 2013q2/arm-none-eabi/lib/armv6-m\libm.a(lib_a-w_atan2.o)
 .debug_frame   0x000010a4       0x38 C:/Program Files (x86)/GNU Tools ARM Embedded/4.7 2013q2/arm-none-eabi/lib/armv6-m\libm.a(lib_a-w_sqrt.o)
 .debug_frame   0x000010dc       0x38 C:/Program Files (x86)/GNU Tools ARM Embedded/4.7 2013q2/arm-none-eabi/lib/armv6-m\libm.a(lib_a-e_asin.o)
 .debug_frame   0x00001114       0x3c C:/Program Files (x86)/GNU Tools ARM Embedded/4.7 2013q2/arm-none-eabi/lib/armv6-m\libm.a(lib_a-e_atan2.o)
 .debug_frame   0x00001150       0x3c C:/Program Files (x86)/GNU Tools ARM Embedded/4.7 2013q2/arm-none-eabi/lib/armv6-m\libm.a(lib_a-e_rem_pio2.o)
 .debug_frame   0x0000118c       0x3c C:/Program Files (x86)/GNU Tools ARM Embedded/4.7 2013q2/arm-none-eabi/lib/armv6-m\libm.a(lib_a-e_sqrt.o)
 .debug_frame   0x000011c8       0x38 C:/Program Files (x86)/GNU Tools ARM Embedded/4.7 2013q2/arm-none-eabi/lib/armv6-m\libm.a(lib_a-k_cos.o)
 .debug_frame   0x00001200       0x3c C:/Program Files (x86)/GNU Tools ARM Embedded/4.7 2013q2/arm-none-eabi/lib/armv6-m\libm.a(lib_a-k_rem_pio2.o)
 .debug_frame   0x0000123c       0x30 C:/Program Files (x86)/GNU Tools ARM Embedded/4.7 2013q2/arm-none-eabi/lib/armv6-m\libm.a(lib_a-k_sin.o)
 .debug_frame   0x0000126c       0x3c C:/Program Files (x86)/GNU Tools ARM Embedded/4.7 2013q2/arm-none-eabi/lib/armv6-m\libm.a(lib_a-s_atan.o)
 .debug_frame   0x000012a8       0x20 C:/Program Files (x86)/GNU Tools ARM Embedded/4.7 2013q2/arm-none-eabi/lib/armv6-m\libm.a(lib_a-s_fabs.o)
 .debug_frame   0x000012c8       0x38 C:/Program Files (x86)/GNU Tools ARM Embedded/4.7 2013q2/arm-none-eabi/lib/armv6-m\libm.a(lib_a-s_floor.o)
 .debug_frame   0x00001300       0x2c C:/Program Files (x86)/GNU Tools ARM Embedded/4.7 2013q2/arm-none-eabi/lib/armv6-m\libm.a(lib_a-s_fpclassify.o)
 .debug_frame   0x0000132c       0x20 C:/Program Files (x86)/GNU Tools ARM Embedded/4.7 2013q2/arm-none-eabi/lib/armv6-m\libm.a(lib_a-s_matherr.o)
 .debug_frame   0x0000134c       0x20 C:/Program Files (x86)/GNU Tools ARM Embedded/4.7 2013q2/arm-none-eabi/lib/armv6-m\libm.a(lib_a-s_nan.o)
 .debug_frame   0x0000136c       0x34 C:/Program Files (x86)/GNU Tools ARM Embedded/4.7 2013q2/arm-none-eabi/lib/armv6-m\libm.a(lib_a-s_scalbn.o)
 .debug_frame   0x000013a0       0x2c C:/Program Files (x86)/GNU Tools ARM Embedded/4.7 2013q2/arm-none-eabi/lib/armv6-m\libm.a(lib_a-s_copysign.o)
 .debug_frame   0x000013cc       0x20 C:/Program Files (x86)/GNU Tools ARM Embedded/4.7 2013q2/lib/gcc/arm-none-eabi/4.7.4/armv6-m\libgcc.a(_udivsi3.o)
 .debug_frame   0x000013ec       0x20 C:/Program Files (x86)/GNU Tools ARM Embedded/4.7 2013q2/lib/gcc/arm-none-eabi/4.7.4/armv6-m\libgcc.a(_divsi3.o)
 .debug_frame   0x0000140c       0x30 C:/Program Files (x86)/GNU Tools ARM Embedded/4.7 2013q2/lib/gcc/arm-none-eabi/4.7.4/armv6-m\libgcc.a(_muldi3.o)
 .debug_frame   0x0000143c       0x30 C:/Program Files (x86)/GNU Tools ARM Embedded/4.7 2013q2/lib/gcc/arm-none-eabi/4.7.4/armv6-m\libgcc.a(addsf3.o)
 .debug_frame   0x0000146c       0x3c C:/Program Files (x86)/GNU Tools ARM Embedded/4.7 2013q2/lib/gcc/arm-none-eabi/4.7.4/armv6-m\libgcc.a(divsf3.o)
 .debug_frame   0x000014a8       0x2c C:/Program Files (x86)/GNU Tools ARM Embedded/4.7 2013q2/lib/gcc/arm-none-eabi/4.7.4/armv6-m\libgcc.a(eqsf2.o)
 .debug_frame   0x000014d4       0x30 C:/Program Files (x86)/GNU Tools ARM Embedded/4.7 2013q2/lib/gcc/arm-none-eabi/4.7.4/armv6-m\libgcc.a(gesf2.o)
 .debug_frame   0x00001504       0x30 C:/Program Files (x86)/GNU Tools ARM Embedded/4.7 2013q2/lib/gcc/arm-none-eabi/4.7.4/armv6-m\libgcc.a(lesf2.o)
 .debug_frame   0x00001534       0x3c C:/Program Files (x86)/GNU Tools ARM Embedded/4.7 2013q2/lib/gcc/arm-none-eabi/4.7.4/armv6-m\libgcc.a(mulsf3.o)
 .debug_frame   0x00001570       0x30 C:/Program Files (x86)/GNU Tools ARM Embedded/4.7 2013q2/lib/gcc/arm-none-eabi/4.7.4/armv6-m\libgcc.a(subsf3.o)
 .debug_frame   0x000015a0       0x20 C:/Program Files (x86)/GNU Tools ARM Embedded/4.7 2013q2/lib/gcc/arm-none-eabi/4.7.4/armv6-m\libgcc.a(fixsfsi.o)
 .debug_frame   0x000015c0       0x2c C:/Program Files (x86)/GNU Tools ARM Embedded/4.7 2013q2/lib/gcc/arm-none-eabi/4.7.4/armv6-m\libgcc.a(floatsisf.o)
 .debug_frame   0x000015ec       0x3c C:/Program Files (x86)/GNU Tools ARM Embedded/4.7 2013q2/lib/gcc/arm-none-eabi/4.7.4/armv6-m\libgcc.a(adddf3.o)
 .debug_frame   0x00001628       0x3c C:/Program Files (x86)/GNU Tools ARM Embedded/4.7 2013q2/lib/gcc/arm-none-eabi/4.7.4/armv6-m\libgcc.a(divdf3.o)
 .debug_frame   0x00001664       0x34 C:/Program Files (x86)/GNU Tools ARM Embedded/4.7 2013q2/lib/gcc/arm-none-eabi/4.7.4/armv6-m\libgcc.a(eqdf2.o)
 .debug_frame   0x00001698       0x38 C:/Program Files (x86)/GNU Tools ARM Embedded/4.7 2013q2/lib/gcc/arm-none-eabi/4.7.4/armv6-m\libgcc.a(gedf2.o)
 .debug_frame   0x000016d0       0x38 C:/Program Files (x86)/GNU Tools ARM Embedded/4.7 2013q2/lib/gcc/arm-none-eabi/4.7.4/armv6-m\libgcc.a(ledf2.o)
 .debug_frame   0x00001708       0x3c C:/Program Files (x86)/GNU Tools ARM Embedded/4.7 2013q2/lib/gcc/arm-none-eabi/4.7.4/armv6-m\libgcc.a(muldf3.o)
 .debug_frame   0x00001744       0x38 C:/Program Files (x86)/GNU Tools ARM Embedded/4.7 2013q2/lib/gcc/arm-none-eabi/4.7.4/armv6-m\libgcc.a(subdf3.o)
 .debug_frame   0x0000177c       0x2c C:/Program Files (x86)/GNU Tools ARM Embedded/4.7 2013q2/lib/gcc/arm-none-eabi/4.7.4/armv6-m\libgcc.a(fixdfsi.o)
 .debug_frame   0x000017a8       0x30 C:/Program Files (x86)/GNU Tools ARM Embedded/4.7 2013q2/lib/gcc/arm-none-eabi/4.7.4/armv6-m\libgcc.a(floatsidf.o)
 .debug_frame   0x000017d8       0x2c C:/Program Files (x86)/GNU Tools ARM Embedded/4.7 2013q2/lib/gcc/arm-none-eabi/4.7.4/armv6-m\libgcc.a(extendsfdf2.o)
 .debug_frame   0x00001804       0x30 C:/Program Files (x86)/GNU Tools ARM Embedded/4.7 2013q2/lib/gcc/arm-none-eabi/4.7.4/armv6-m\libgcc.a(truncdfsf2.o)
 .debug_frame   0x00001834       0x38 C:/Program Files (x86)/GNU Tools ARM Embedded/4.7 2013q2/arm-none-eabi/lib/armv6-m\libc.a(lib_a-__atexit.o)
 .debug_frame   0x0000186c       0x20 C:/Program Files (x86)/GNU Tools ARM Embedded/4.7 2013q2/arm-none-eabi/lib/armv6-m\libc.a(lib_a-errno.o)
 .debug_frame   0x0000188c       0x28 C:/Program Files (x86)/GNU Tools ARM Embedded/4.7 2013q2/arm-none-eabi/lib/armv6-m\libc.a(lib_a-exit.o)
 .debug_frame   0x000018b4       0x34 C:/Program Files (x86)/GNU Tools ARM Embedded/4.7 2013q2/arm-none-eabi/lib/armv6-m\libc.a(lib_a-fini.o)